 win32_layer

 Timestamp is 61842b38 (Thu Nov  4 19:49:28 2021)

 Preferred load address is 0000000140000000

 Start         Length     Name                   Class
 0001:00000000 00037580H .text$mn                CODE
 0001:00037580 00000040H .text$mn$00             CODE
 0001:000375c0 0000067dH .text$x                 CODE
 0002:00000000 00000250H .idata$5                DATA
 0002:00000250 00000028H .00cfg                  DATA
 0002:00000278 00000008H .CRT$XCA                DATA
 0002:00000280 00000008H .CRT$XCAA               DATA
 0002:00000288 00000008H .CRT$XCZ                DATA
 0002:00000290 00000008H .CRT$XIA                DATA
 0002:00000298 00000008H .CRT$XIAA               DATA
 0002:000002a0 00000008H .CRT$XIAC               DATA
 0002:000002a8 00000020H .CRT$XIC                DATA
 0002:000002c8 00000008H .CRT$XIZ                DATA
 0002:000002d0 00000008H .CRT$XPA                DATA
 0002:000002d8 00000010H .CRT$XPX                DATA
 0002:000002e8 00000008H .CRT$XPXA               DATA
 0002:000002f0 00000008H .CRT$XPZ                DATA
 0002:000002f8 00000008H .CRT$XTA                DATA
 0002:00000300 00000010H .CRT$XTZ                DATA
 0002:00000308 00000000H .gehcont$y              DATA
 0002:00000308 00000000H .gfids$y                DATA
 0002:00000310 00010af0H .rdata                  DATA
 0002:00010e00 00000000H .rdata$CastGuardVftablesA DATA
 0002:00010e00 00000000H .rdata$CastGuardVftablesC DATA
 0002:00010e00 0000016cH .rdata$r                DATA
 0002:00010f6c 000000d4H .rdata$voltmd           DATA
 0002:00011040 00000340H .rdata$zzzdbg           DATA
 0002:00011380 00000008H .rtc$IAA                DATA
 0002:00011388 00000008H .rtc$IZZ                DATA
 0002:00011390 00000008H .rtc$TAA                DATA
 0002:00011398 00000008H .rtc$TZZ                DATA
 0002:000113a0 00001070H .xdata                  DATA
 0002:00012410 00000084H .xdata$x                DATA
 0002:00012494 00000000H .edata                  DATA
 0002:00012494 00000028H .idata$2                DATA
 0002:000124bc 00000014H .idata$3                DATA
 0002:000124d0 00000250H .idata$4                DATA
 0002:00012720 0000055cH .idata$6                DATA
 0003:00000000 00000a60H .data                   DATA
 0003:00000a60 00000050H .data$r                 DATA
 0003:00000ab0 00000020H .data$rs                DATA
 0003:00000ad0 00001880H .bss                    DATA
 0004:00000000 00002dd8H .pdata                  DATA
 0005:00000000 000000f4H _RDATA                  DATA

  Address         Publics by Value              Rva+Base               Lib:Object

 0000:00000000       __arm64x_extra_rfe_table   0000000000000000     <absolute>
 0000:00000000       __arm64x_redirection_metadata 0000000000000000     <absolute>
 0000:00000000       __guard_iat_table          0000000000000000     <absolute>
 0000:00000000       __guard_fids_count         0000000000000000     <absolute>
 0000:00000000       __hybrid_code_map          0000000000000000     <absolute>
 0000:00000000       ___safe_se_handler_table   0000000000000000     <absolute>
 0000:00000000       __arm64x_extra_rfe_table_size 0000000000000000     <absolute>
 0000:00000000       ___safe_se_handler_count   0000000000000000     <absolute>
 0000:00000000       __guard_iat_count          0000000000000000     <absolute>
 0000:00000000       __guard_longjmp_count      0000000000000000     <absolute>
 0000:00000000       __dynamic_value_reloc_table 0000000000000000     <absolute>
 0000:00000000       __hybrid_auxiliary_iat     0000000000000000     <absolute>
 0000:00000000       __hybrid_auxiliary_iat_copy 0000000000000000     <absolute>
 0000:00000000       __x64_code_ranges_to_entry_points_count 0000000000000000     <absolute>
 0000:00000000       __guard_eh_cont_count      0000000000000000     <absolute>
 0000:00000000       __AbsoluteZero             0000000000000000     <absolute>
 0000:00000000       __guard_check_icall_a64n_fptr 0000000000000000     <absolute>
 0000:00000000       __guard_fids_table         0000000000000000     <absolute>
 0000:00000000       __arm64x_redirection_metadata_count 0000000000000000     <absolute>
 0000:00000000       __enclave_config           0000000000000000     <absolute>
 0000:00000000       __x64_code_ranges_to_entry_points 0000000000000000     <absolute>
 0000:00000000       __guard_eh_cont_table      0000000000000000     <absolute>
 0000:00000000       __arm64x_native_entrypoint 0000000000000000     <absolute>
 0000:00000000       __hybrid_code_map_count    0000000000000000     <absolute>
 0000:00000000       __guard_longjmp_table      0000000000000000     <absolute>
 0000:00000100       __guard_flags              0000000000000100     <absolute>
 0000:00000000       __ImageBase                0000000140000000     <linker-defined>
 0001:00000000       WinMain                    0000000140001000 f   win32_layer.obj
 0001:000002f0       ?configure_argv@__scrt_narrow_argv_policy@@SAHXZ 00000001400012f0 f i LIBCMTD:exe_winmain.obj
 0001:00000310       ?initialize_environment@__scrt_narrow_environment_policy@@SAHXZ 0000000140001310 f i LIBCMTD:exe_winmain.obj
 0001:00000360       ?set_app_type@__scrt_winmain_policy@@SAXXZ 0000000140001360 f i LIBCMTD:exe_winmain.obj
 0001:00000380       ?set_commode@__scrt_file_policy@@SAXXZ 0000000140001380 f i LIBCMTD:exe_winmain.obj
 0001:000003a0       ?set_fmode@__scrt_file_policy@@SAXXZ 00000001400013a0 f i LIBCMTD:exe_winmain.obj
 0001:000003c0       WinMainCRTStartup          00000001400013c0 f   LIBCMTD:exe_winmain.obj
 0001:00000540       NtCurrentTeb               0000000140001540 f i LIBCMTD:utility.obj
 0001:00000550       __scrt_acquire_startup_lock 0000000140001550 f   LIBCMTD:utility.obj
 0001:000005c0       __scrt_initialize_crt      00000001400015c0 f   LIBCMTD:utility.obj
 0001:00000610       __scrt_initialize_onexit_tables 0000000140001610 f   LIBCMTD:utility.obj
 0001:00000720       __scrt_is_nonwritable_in_current_image 0000000140001720 f   LIBCMTD:utility.obj
 0001:000007b0       __scrt_release_startup_lock 00000001400017b0 f   LIBCMTD:utility.obj
 0001:000007e0       __scrt_uninitialize_crt    00000001400017e0 f   LIBCMTD:utility.obj
 0001:00000820       _onexit                    0000000140001820 f   LIBCMTD:utility.obj
 0001:000008a0       atexit                     00000001400018a0 f   LIBCMTD:utility.obj
 0001:000009a0       __security_init_cookie     00000001400019a0 f   LIBCMTD:gs_support.obj
 0001:00000a20       _matherr                   0000000140001a20 f   LIBCMTD:matherr.obj
 0001:00000a20       ?get_current_state_index@__crt_state_management@@YA_KAEBV__crt_scoped_get_last_error_reset@@@Z 0000000140001a20 f   libucrtd:per_thread_data.obj
 0001:00000a30       _get_startup_argv_mode     0000000140001a30 f   LIBCMTD:argv_mode.obj
 0001:00000a40       __scrt_initialize_winrt    0000000140001a40 f   LIBCMTD:utility_desktop.obj
 0001:00000a40       ?get_current_state_index@__crt_state_management@@YA_KXZ 0000000140001a40 f   libucrtd:matherr.obj
 0001:00000a40       ?get_invalid_value@__crt_hmodule_traits@@SAPEAUHINSTANCE__@@XZ 0000000140001a40 f   libucrtd:exit.obj
 0001:00000a40       _get_startup_thread_locale_mode 0000000140001a40 f   LIBCMTD:thread_locale.obj
 0001:00000a40       __scrt_stub_for_initialize_mta 0000000140001a40 f   LIBCMTD:utility_desktop.obj
 0001:00000a40       _get_startup_commit_mode   0000000140001a40 f   LIBCMTD:commit_mode.obj
 0001:00000a40       _get_startup_new_mode      0000000140001a40 f   LIBCMTD:new_mode.obj
 0001:00000a40       __scrt_exe_initialize_mta  0000000140001a40 f   LIBCMTD:utility_desktop.obj
 0001:00000a50       _get_startup_file_mode     0000000140001a50 f   LIBCMTD:file_mode.obj
 0001:00000a60       ?__scrt_initialize_type_info@@YAXXZ 0000000140001a60 f   LIBCMTD:tncleanup.obj
 0001:00000a80       _should_initialize_environment 0000000140001a80 f   LIBCMTD:env_mode.obj
 0001:00000a90       _initialize_invalid_parameter_handler 0000000140001a90 f   LIBCMTD:invalid_parameter_handler.obj
 0001:00000a90       _initialize_denormal_control 0000000140001a90 f   LIBCMTD:denormal_control.obj
 0001:00000aa0       __local_stdio_printf_options 0000000140001aa0 f i LIBCMTD:default_local_stdio_options.obj
 0001:00000ab0       __local_stdio_scanf_options 0000000140001ab0 f i LIBCMTD:default_local_stdio_options.obj
 0001:00000ac0       __scrt_initialize_default_local_stdio_options 0000000140001ac0 f   LIBCMTD:default_local_stdio_options.obj
 0001:00000b10       __scrt_is_user_matherr_present 0000000140001b10 f   LIBCMTD:matherr_detection.obj
 0001:00000b40       __scrt_get_dyn_tls_init_callback 0000000140001b40 f   LIBCMTD:dyn_tls_init.obj
 0001:00000b50       __scrt_get_dyn_tls_dtor_callback 0000000140001b50 f   LIBCMTD:dyn_tls_dtor.obj
 0001:00000b60       __crt_debugger_hook        0000000140001b60 f   LIBCMTD:utility_desktop.obj
 0001:00000b70       __scrt_fastfail            0000000140001b70 f   LIBCMTD:utility_desktop.obj
 0001:00000d10       __scrt_get_show_window_mode 0000000140001d10 f   LIBCMTD:utility_desktop.obj
 0001:00000d70       __scrt_initialize_mta      0000000140001d70 f   LIBCMTD:utility_desktop.obj
 0001:00000d80       __scrt_is_managed_app      0000000140001d80 f   LIBCMTD:utility_desktop.obj
 0001:00000e30       __scrt_set_unhandled_exception_filter 0000000140001e30 f   LIBCMTD:utility_desktop.obj
 0001:00000e50       __scrt_unhandled_exception_filter 0000000140001e50 f   LIBCMTD:utility_desktop.obj
 0001:00000ef0       _RTC_Initialize            0000000140001ef0 f   LIBCMTD:initsect.obj
 0001:00000f40       _RTC_Terminate             0000000140001f40 f   LIBCMTD:initsect.obj
 0001:00000f90       ??1?$__crt_simd_cleanup_guard@$0A@@@QEAA@XZ 0000000140001f90 f i libucrtd:strnlen.obj
 0001:00000f90       _guard_check_icall_nop     0000000140001f90 f i LIBCMTD:guard_support.obj
 0001:00000f90       ??1scoped_global_state_reset@__crt_state_management@@QEAA@XZ 0000000140001f90 f i libucrtd:onexit.obj
 0001:00000fa0       ReadNoFence64              0000000140001fa0 f i LIBCMTD:guard_support.obj
 0001:00000fc0       ReadPointerNoFence         0000000140001fc0 f i LIBCMTD:guard_support.obj
 0001:00000fe0       _guard_icall_checks_enforced 0000000140001fe0 f i LIBCMTD:guard_support.obj
 0001:00001020       __isa_available_init       0000000140002020 f   LIBCMTD:cpu_disp.obj
 0001:000013c0       __scrt_is_ucrt_dll_in_use  00000001400023c0 f   LIBCMTD:ucrt_detection.obj
 0001:000013f0       __GSHandlerCheck           00000001400023f0 f   LIBCMTD:gshandler.obj
 0001:00001430       __GSHandlerCheckCommon     0000000140002430 f   LIBCMTD:gshandler.obj
 0001:00001540       __security_check_cookie    0000000140002540 f   LIBCMTD:amdsecgs.obj
 0001:00001560       __raise_securityfailure    0000000140002560 f   LIBCMTD:gs_report.obj
 0001:000015a0       __report_gsfailure         00000001400025a0 f   LIBCMTD:gs_report.obj
 0001:00001680       __report_rangecheckfailure 0000000140002680 f   LIBCMTD:gs_report.obj
 0001:000016a0       __report_securityfailure   00000001400026a0 f   LIBCMTD:gs_report.obj
 0001:000018a0       __C_specific_handler       00000001400028a0 f   libvcruntimed:riscchandler.obj
 0001:00001d10       __vcrt_initialize          0000000140002d10 f   libvcruntimed:initialization.obj
 0001:00001d50       __vcrt_uninitialize        0000000140002d50 f   libvcruntimed:initialization.obj
 0001:00001d70       ??$?RD@__crt_internal_free_policy@@QEBAXQEBD@Z 0000000140002d70 f i libvcruntimed:std_type_info.obj
 0001:00001d70       ??$?RU__acrt_ptd@@@__crt_internal_free_policy@@QEBAXQEBU__acrt_ptd@@@Z 0000000140002d70 f i libucrtd:per_thread_data.obj
 0001:00001d70       ??$?RPEAU__crt_stdio_stream_data@@@__crt_internal_free_policy@@QEBAXQEBQEAU__crt_stdio_stream_data@@@Z 0000000140002d70 f i libucrtd:_file.obj
 0001:00001d70       ??$?RPEAD@__crt_internal_free_policy@@QEBAXQEBQEAD@Z 0000000140002d70 f i libucrtd:argv_parsing.obj
 0001:00001d70       ??$?RU__vcrt_ptd@@@__crt_internal_free_policy@@QEBAXQEBU__vcrt_ptd@@@Z 0000000140002d70 f i libvcruntimed:per_thread_data.obj
 0001:00001d70       ??$?RE@__crt_internal_free_policy@@QEBAXQEBE@Z 0000000140002d70 f i libucrtd:argv_parsing.obj
 0001:00001d70       ??$?RU__crt_lowio_handle_data@@@__crt_internal_free_policy@@QEBAXQEBU__crt_lowio_handle_data@@@Z 0000000140002d70 f i libucrtd:osfinfo.obj
 0001:00001d70       ??$?RP6AXXZ@__crt_internal_free_policy@@QEBAXQEBQ6AXXZ@Z 0000000140002d70 f i libucrtd:onexit.obj
 0001:00001d70       ??$?RU__crt_multibyte_data@@@__crt_internal_free_policy@@QEBAXQEBU__crt_multibyte_data@@@Z 0000000140002d70 f i libucrtd:wsetlocale.obj
 0001:00001da0       ??0?$string_output_adapter@_W@__crt_stdio_output@@QEAA@QEAU?$string_output_adapter_context@_W@1@@Z 0000000140002da0 f i libucrtd:output.obj
 0001:00001da0       ??0?$__crt_unique_heap_ptr@PEAU__crt_stdio_stream_data@@U__crt_internal_free_policy@@@@QEAA@QEAPEAU__crt_stdio_stream_data@@@Z 0000000140002da0 f i libucrtd:_file.obj
 0001:00001da0       ??0?$__crt_unique_handle_t@U__crt_findfile_traits@@@@QEAA@QEAX@Z 0000000140002da0 f i libucrtd:argv_wildcards.obj
 0001:00001da0       ??0?$__crt_unique_heap_ptr@U__vcrt_ptd@@U__crt_internal_free_policy@@@@QEAA@QEAU__vcrt_ptd@@@Z 0000000140002da0 f i libvcruntimed:per_thread_data.obj
 0001:00001da0       ??0?$__crt_unique_handle_t@U__crt_hmodule_traits@@@@QEAA@QEAUHINSTANCE__@@@Z 0000000140002da0 f i libucrtd:exit.obj
 0001:00001da0       ??0?$string_output_adapter@D@__crt_stdio_output@@QEAA@QEAU?$string_output_adapter_context@D@1@@Z 0000000140002da0 f i libucrtd:output.obj
 0001:00001da0       ??0?$__crt_unique_heap_ptr@P6AXXZU__crt_internal_free_policy@@@@QEAA@QEAP6AXXZ@Z 0000000140002da0 f i libucrtd:onexit.obj
 0001:00001da0       ??0?$__crt_scoped_stack_ptr_tag@_W@@QEAA@QEA_W@Z 0000000140002da0 f i libucrtd:getstringtypea.obj
 0001:00001da0       ??0__crt_stdio_stream@@QEAA@QEAU_iobuf@@@Z 0000000140002da0 f i libucrtd:output.obj
 0001:00001da0       ??0?$__crt_unique_heap_ptr@EU__crt_internal_free_policy@@@@QEAA@QEAE@Z 0000000140002da0 f i libucrtd:argv_parsing.obj
 0001:00001da0       ??0?$__crt_unique_heap_ptr@DU__crt_public_free_policy@@@@QEAA@QEAD@Z 0000000140002da0 f i libvcruntimed:std_exception.obj
 0001:00001da0       ??0?$__crt_scoped_stack_ptr@_W@@QEAA@U?$__crt_scoped_stack_ptr_tag@_W@@@Z 0000000140002da0 f i libucrtd:getstringtypea.obj
 0001:00001da0       ??0?$__crt_unique_heap_ptr@U__crt_multibyte_data@@U__crt_internal_free_policy@@@@QEAA@QEAU__crt_multibyte_data@@@Z 0000000140002da0 f i libucrtd:wsetlocale.obj
 0001:00001da0       ??0?$__crt_unique_heap_ptr@U__acrt_ptd@@U__crt_internal_free_policy@@@@QEAA@QEAU__acrt_ptd@@@Z 0000000140002da0 f i libucrtd:per_thread_data.obj
 0001:00001da0       ??0?$__crt_unique_heap_ptr@DU__crt_internal_free_policy@@@@QEAA@QEAD@Z 0000000140002da0 f i libvcruntimed:std_type_info.obj
 0001:00001da0       ??0__crt_stdio_stream@@QEAA@QEAU__crt_stdio_stream_data@@@Z 0000000140002da0 f i libucrtd:fflush.obj
 0001:00001da0       ??0?$__crt_unique_heap_ptr@PEADU__crt_internal_free_policy@@@@QEAA@QEAPEAD@Z 0000000140002da0 f i libucrtd:argv_parsing.obj
 0001:00001da0       ??0?$__crt_unique_heap_ptr@U__crt_lowio_handle_data@@U__crt_internal_free_policy@@@@QEAA@QEAU__crt_lowio_handle_data@@@Z 0000000140002da0 f i libucrtd:osfinfo.obj
 0001:00001dc0       ??1?$__crt_unique_heap_ptr@P6AXXZU__crt_internal_free_policy@@@@QEAA@XZ 0000000140002dc0 f i libucrtd:onexit.obj
 0001:00001dc0       ??1?$__crt_unique_heap_ptr@PEADU__crt_internal_free_policy@@@@QEAA@XZ 0000000140002dc0 f i libucrtd:argv_parsing.obj
 0001:00001dc0       ??1?$__crt_unique_heap_ptr@PEAU__crt_stdio_stream_data@@U__crt_internal_free_policy@@@@QEAA@XZ 0000000140002dc0 f i libucrtd:_file.obj
 0001:00001dc0       ??1?$__crt_unique_heap_ptr@DU__crt_internal_free_policy@@@@QEAA@XZ 0000000140002dc0 f i libvcruntimed:std_type_info.obj
 0001:00001dc0       ??1?$__crt_unique_heap_ptr@U__vcrt_ptd@@U__crt_internal_free_policy@@@@QEAA@XZ 0000000140002dc0 f i libvcruntimed:per_thread_data.obj
 0001:00001dc0       ??1?$__crt_unique_heap_ptr@EU__crt_internal_free_policy@@@@QEAA@XZ 0000000140002dc0 f i libucrtd:argv_parsing.obj
 0001:00001dc0       ??1?$__crt_unique_heap_ptr@U__crt_multibyte_data@@U__crt_internal_free_policy@@@@QEAA@XZ 0000000140002dc0 f i libucrtd:wsetlocale.obj
 0001:00001dc0       ??1?$__crt_unique_heap_ptr@U__acrt_ptd@@U__crt_internal_free_policy@@@@QEAA@XZ 0000000140002dc0 f i libucrtd:per_thread_data.obj
 0001:00001dc0       ??1?$__crt_unique_heap_ptr@U__crt_lowio_handle_data@@U__crt_internal_free_policy@@@@QEAA@XZ 0000000140002dc0 f i libucrtd:osfinfo.obj
 0001:00001de0       ??B?$__crt_unique_heap_ptr@U__crt_lowio_handle_data@@U__crt_internal_free_policy@@@@QEBA_NXZ 0000000140002de0 f i libucrtd:osfinfo.obj
 0001:00001de0       ??B?$__crt_unique_heap_ptr@U__acrt_ptd@@U__crt_internal_free_policy@@@@QEBA_NXZ 0000000140002de0 f i libucrtd:per_thread_data.obj
 0001:00001de0       ??B?$__crt_unique_heap_ptr@DU__crt_public_free_policy@@@@QEBA_NXZ 0000000140002de0 f i libvcruntimed:std_exception.obj
 0001:00001de0       ??B?$__crt_unique_heap_ptr@U__crt_multibyte_data@@U__crt_internal_free_policy@@@@QEBA_NXZ 0000000140002de0 f i libucrtd:wsetlocale.obj
 0001:00001de0       ??B?$__crt_unique_heap_ptr@U__vcrt_ptd@@U__crt_internal_free_policy@@@@QEBA_NXZ 0000000140002de0 f i libvcruntimed:per_thread_data.obj
 0001:00001de0       ??B?$__crt_unique_heap_ptr@DU__crt_internal_free_policy@@@@QEBA_NXZ 0000000140002de0 f i libvcruntimed:std_type_info.obj
 0001:00001de0       ??B?$__crt_unique_heap_ptr@EU__crt_internal_free_policy@@@@QEBA_NXZ 0000000140002de0 f i libucrtd:argv_parsing.obj
 0001:00001e00       ?__crt_interlocked_read_64@@YA_JPED_J@Z 0000000140002e00 f i libvcruntimed:std_type_info.obj
 0001:00001e20       ?get@?$__crt_unique_handle_t@U__crt_findfile_traits@@@@QEBAPEAXXZ 0000000140002e20 f i libucrtd:argv_wildcards.obj
 0001:00001e20       ?get@?$__crt_unique_heap_ptr@U__vcrt_ptd@@U__crt_internal_free_policy@@@@QEBAPEAU__vcrt_ptd@@XZ 0000000140002e20 f i libvcruntimed:per_thread_data.obj
 0001:00001e20       ?get@?$__crt_unique_heap_ptr@U__acrt_ptd@@U__crt_internal_free_policy@@@@QEBAPEAU__acrt_ptd@@XZ 0000000140002e20 f i libucrtd:per_thread_data.obj
 0001:00001e20       ?save_state@?$c_string_character_source@D@__crt_strtox@@QEBAPEBDXZ 0000000140002e20 f i libucrtd:atox.obj
 0001:00001e20       ??C__crt_stdio_stream@@QEBAPEAU__crt_stdio_stream_data@@XZ 0000000140002e20 f i libucrtd:output.obj
 0001:00001e20       ?get@?$__crt_unique_heap_ptr@PEADU__crt_internal_free_policy@@@@QEBAPEAPEADXZ 0000000140002e20 f i libucrtd:argv_parsing.obj
 0001:00001e20       ?get@?$__crt_unique_heap_ptr@U__crt_multibyte_data@@U__crt_internal_free_policy@@@@QEBAPEAU__crt_multibyte_data@@XZ 0000000140002e20 f i libucrtd:wsetlocale.obj
 0001:00001e20       ?get@?$__crt_unique_heap_ptr@U__crt_lowio_handle_data@@U__crt_internal_free_policy@@@@QEBAPEAU__crt_lowio_handle_data@@XZ 0000000140002e20 f i libucrtd:osfinfo.obj
 0001:00001e20       ?get@?$__crt_unique_heap_ptr@DU__crt_public_free_policy@@@@QEBAPEADXZ 0000000140002e20 f i libvcruntimed:std_exception.obj
 0001:00001e20       ?public_stream@__crt_stdio_stream@@QEBAPEAU_iobuf@@XZ 0000000140002e20 f i libucrtd:output.obj
 0001:00001e20       ?get@?$__crt_unique_handle_t@U__crt_hmodule_traits@@@@QEBAPEAUHINSTANCE__@@XZ 0000000140002e20 f i libucrtd:exit.obj
 0001:00001e20       ?get@?$__crt_unique_heap_ptr@EU__crt_internal_free_policy@@@@QEBAPEAEXZ 0000000140002e20 f i libucrtd:argv_parsing.obj
 0001:00001e20       ?save_state@?$c_string_character_source@_W@__crt_strtox@@QEBAPEB_WXZ 0000000140002e20 f i libucrtd:atox.obj
 0001:00001e20       ?get@?$__crt_unique_heap_ptr@DU__crt_internal_free_policy@@@@QEBAPEADXZ 0000000140002e20 f i libvcruntimed:std_type_info.obj
 0001:00001e20       ?get@?$__crt_scoped_stack_ptr@_W@@QEBAPEA_WXZ 0000000140002e20 f i libucrtd:getstringtypea.obj
 0001:00001e30       ??B?$__crt_scoped_stack_ptr@_W@@QEBA_NXZ 0000000140002e30 f i libucrtd:lcmapstringa.obj
 0001:00001e30       ?is_valid@?$__crt_unique_heap_ptr@DU__crt_public_free_policy@@@@QEBA_NXZ 0000000140002e30 f i libvcruntimed:std_exception.obj
 0001:00001e30       ?is_valid@?$__crt_unique_heap_ptr@U__acrt_ptd@@U__crt_internal_free_policy@@@@QEBA_NXZ 0000000140002e30 f i libucrtd:per_thread_data.obj
 0001:00001e30       ?is_valid@?$__crt_unique_heap_ptr@U__crt_multibyte_data@@U__crt_internal_free_policy@@@@QEBA_NXZ 0000000140002e30 f i libucrtd:wsetlocale.obj
 0001:00001e30       ?is_valid@?$__crt_unique_heap_ptr@U__crt_lowio_handle_data@@U__crt_internal_free_policy@@@@QEBA_NXZ 0000000140002e30 f i libucrtd:osfinfo.obj
 0001:00001e30       ?is_valid@?$__crt_unique_heap_ptr@DU__crt_internal_free_policy@@@@QEBA_NXZ 0000000140002e30 f i libvcruntimed:std_type_info.obj
 0001:00001e30       ?is_valid@?$__crt_unique_heap_ptr@U__vcrt_ptd@@U__crt_internal_free_policy@@@@QEBA_NXZ 0000000140002e30 f i libvcruntimed:per_thread_data.obj
 0001:00001e30       ?is_valid@?$__crt_unique_heap_ptr@EU__crt_internal_free_policy@@@@QEBA_NXZ 0000000140002e30 f i libucrtd:argv_parsing.obj
 0001:00001e30       ?valid@__crt_stdio_stream@@QEBA_NXZ 0000000140002e30 f i libucrtd:output.obj
 0001:00001e60       ?release@?$__crt_unique_heap_ptr@P6AXXZU__crt_internal_free_policy@@@@QEAAXXZ 0000000140002e60 f i libucrtd:onexit.obj
 0001:00001e60       ?release@?$__crt_unique_heap_ptr@DU__crt_internal_free_policy@@@@QEAAXXZ 0000000140002e60 f i libvcruntimed:std_type_info.obj
 0001:00001e60       ?release@?$__crt_unique_heap_ptr@U__crt_lowio_handle_data@@U__crt_internal_free_policy@@@@QEAAXXZ 0000000140002e60 f i libucrtd:osfinfo.obj
 0001:00001e60       ?release@?$__crt_unique_heap_ptr@U__acrt_ptd@@U__crt_internal_free_policy@@@@QEAAXXZ 0000000140002e60 f i libucrtd:per_thread_data.obj
 0001:00001e60       ?release@?$__crt_unique_heap_ptr@PEAU__crt_stdio_stream_data@@U__crt_internal_free_policy@@@@QEAAXXZ 0000000140002e60 f i libucrtd:_file.obj
 0001:00001e60       ?release@?$__crt_unique_heap_ptr@PEADU__crt_internal_free_policy@@@@QEAAXXZ 0000000140002e60 f i libucrtd:argv_parsing.obj
 0001:00001e60       ?release@?$__crt_unique_heap_ptr@U__vcrt_ptd@@U__crt_internal_free_policy@@@@QEAAXXZ 0000000140002e60 f i libvcruntimed:per_thread_data.obj
 0001:00001e60       ?release@?$__crt_unique_heap_ptr@U__crt_multibyte_data@@U__crt_internal_free_policy@@@@QEAAXXZ 0000000140002e60 f i libucrtd:wsetlocale.obj
 0001:00001e60       ?release@?$__crt_unique_heap_ptr@EU__crt_internal_free_policy@@@@QEAAXXZ 0000000140002e60 f i libucrtd:argv_parsing.obj
 0001:00001e90       __std_type_info_compare    0000000140002e90 f   libvcruntimed:std_type_info.obj
 0001:00001ed0       __DestructExceptionObject  0000000140002ed0 f   libvcruntimed:ehhelpers.obj
 0001:00001fd0       ?_CallMemberFunction0@@YAXQEAX0@Z 0000000140002fd0 f i libvcruntimed:ehhelpers.obj
 0001:000020a0       _IsExceptionObjectToBeDestroyed 00000001400030a0 f   libvcruntimed:ehhelpers.obj
 0001:000020f0       __AdjustPointer            00000001400030f0 f   libvcruntimed:ehhelpers.obj
 0001:00002170       __FrameUnwindFilter        0000000140003170 f   libvcruntimed:ehhelpers.obj
 0001:00002220       __current_exception        0000000140003220 f   libvcruntimed:ehhelpers.obj
 0001:00002240       __current_exception_context 0000000140003240 f   libvcruntimed:ehhelpers.obj
 0001:00002270       _NLG_Notify                0000000140003270 f   libvcruntimed:notify.obj
 0001:00002290       __NLG_Dispatch2            0000000140003290 f   libvcruntimed:notify.obj
 0001:000022a0       __NLG_Return2              00000001400032a0 f   libvcruntimed:notify.obj
 0001:000022b0       __except_validate_context_record 00000001400032b0 f   libvcruntimed:jbcxrval.obj
 0001:00002350       ?detach@?$__crt_unique_heap_ptr@DU__crt_public_free_policy@@@@QEAAPEADXZ 0000000140003350 f i libvcruntimed:std_exception.obj
 0001:00002350       ?detach@?$__crt_unique_heap_ptr@U__crt_multibyte_data@@U__crt_internal_free_policy@@@@QEAAPEAU__crt_multibyte_data@@XZ 0000000140003350 f i libucrtd:wsetlocale.obj
 0001:00002350       ?detach@?$__crt_unique_heap_ptr@EU__crt_internal_free_policy@@@@QEAAPEAEXZ 0000000140003350 f i libucrtd:argv_parsing.obj
 0001:00002350       ?detach@?$__crt_unique_heap_ptr@U__crt_lowio_handle_data@@U__crt_internal_free_policy@@@@QEAAPEAU__crt_lowio_handle_data@@XZ 0000000140003350 f i libucrtd:osfinfo.obj
 0001:00002350       ?detach@?$__crt_unique_heap_ptr@U__acrt_ptd@@U__crt_internal_free_policy@@@@QEAAPEAU__acrt_ptd@@XZ 0000000140003350 f i libucrtd:per_thread_data.obj
 0001:00002350       ?detach@?$__crt_unique_heap_ptr@PEAU__crt_stdio_stream_data@@U__crt_internal_free_policy@@@@QEAAPEAPEAU__crt_stdio_stream_data@@XZ 0000000140003350 f i libucrtd:_file.obj
 0001:00002350       ?detach@?$__crt_unique_heap_ptr@U__vcrt_ptd@@U__crt_internal_free_policy@@@@QEAAPEAU__vcrt_ptd@@XZ 0000000140003350 f i libvcruntimed:per_thread_data.obj
 0001:00002350       ?detach@?$__crt_unique_heap_ptr@PEADU__crt_internal_free_policy@@@@QEAAPEAPEADXZ 0000000140003350 f i libucrtd:argv_parsing.obj
 0001:00002350       ?detach@?$__crt_unique_heap_ptr@P6AXXZU__crt_internal_free_policy@@@@QEAAPEAP6AXXZXZ 0000000140003350 f i libucrtd:onexit.obj
 0001:000023c0       __vcrt_freefls             00000001400033c0 f   libvcruntimed:per_thread_data.obj
 0001:00002400       __vcrt_getptd              0000000140003400 f   libvcruntimed:per_thread_data.obj
 0001:00002430       __vcrt_getptd_noexit       0000000140003430 f   libvcruntimed:per_thread_data.obj
 0001:000025d0       __vcrt_initialize_ptd      00000001400035d0 f   libvcruntimed:per_thread_data.obj
 0001:00002620       __vcrt_uninitialize_ptd    0000000140003620 f   libvcruntimed:per_thread_data.obj
 0001:00002650       __vcrt_initialize_locks    0000000140003650 f   libvcruntimed:locks.obj
 0001:000026c0       __vcrt_uninitialize_locks  00000001400036c0 f   libvcruntimed:locks.obj
 0001:00002720       _vsprintf_s_l              0000000140003720 f i libvcruntimed:undname.obj
 0001:00002790       sprintf_s                  0000000140003790 f i libvcruntimed:undname.obj
 0001:000027f0       ??$__crt_interlocked_exchange_pointer@XPEAX@@YAPEAXPEDSEAXQEAX@Z 00000001400037f0 f i libvcruntimed:winapi_downlevel.obj
 0001:000027f0       ??$__crt_interlocked_exchange_pointer@UHINSTANCE__@@PEAX@@YAPEAUHINSTANCE__@@PEDSEAU0@QEAX@Z 00000001400037f0 f i libvcruntimed:winapi_downlevel.obj
 0001:000027f0       ??$__crt_interlocked_exchange_pointer@UHINSTANCE__@@PEAU1@@@YAPEAUHINSTANCE__@@PEDSEAU0@QEAU0@@Z 00000001400037f0 f i libvcruntimed:winapi_downlevel.obj
 0001:00002810       ??$__crt_interlocked_read_pointer@UHINSTANCE__@@@@YAPEAUHINSTANCE__@@PEDSEAU0@@Z 0000000140003810 f i libvcruntimed:winapi_downlevel.obj
 0001:00002810       ??$__crt_interlocked_read_pointer@X@@YAPEAXPEDSEAX@Z 0000000140003810 f i libvcruntimed:winapi_downlevel.obj
 0001:00002830       ?get_invalid_value@__crt_findfile_traits@@SAPEAXXZ 0000000140003830 f   libucrtd:argv_wildcards.obj
 0001:00002d20       __vcrt_FlsAlloc            0000000140003d20 f   libvcruntimed:winapi_downlevel.obj
 0001:00002d70       __vcrt_FlsFree             0000000140003d70 f   libvcruntimed:winapi_downlevel.obj
 0001:00002dc0       __vcrt_FlsGetValue         0000000140003dc0 f   libvcruntimed:winapi_downlevel.obj
 0001:00002e10       __vcrt_FlsSetValue         0000000140003e10 f   libvcruntimed:winapi_downlevel.obj
 0001:00002e70       __vcrt_InitializeCriticalSectionEx 0000000140003e70 f   libvcruntimed:winapi_downlevel.obj
 0001:00002ef0       memcpy_repmovs             0000000140003ef0 f   libvcruntimed:memcpy.obj
 0001:00002f10       memcpy                     0000000140003f10 f   libvcruntimed:memcpy.obj
 0001:00002f10       memmove                    0000000140003f10 f   libvcruntimed:memcpy.obj
 0001:00003590       ??$?0AEAViterator@TryBlockMap@__FrameHandler3@@AEAV012@$0A@@?$pair@Viterator@TryBlockMap@__FrameHandler3@@V123@@std@@QEAA@AEAViterator@TryBlockMap@__FrameHandler3@@0@Z 0000000140004590 f i libvcruntimed:risctrnsctrl.obj
 0001:000036a0       ??$_CallSETranslator@V__FrameHandler3@@@@YAHPEAUEHExceptionRecord@@PEA_KPEAU_CONTEXT@@PEAU_xDISPATCHER_CONTEXT@@PEBU_s_FuncInfo@@K1H@Z 00000001400046a0 f i libvcruntimed:risctrnsctrl.obj
 0001:00003730       ??$forward@AEAViterator@TryBlockMap@__FrameHandler3@@@std@@YAAEAViterator@TryBlockMap@__FrameHandler3@@AEAV123@@Z 0000000140004730 f i libvcruntimed:risctrnsctrl.obj
 0001:00003730       ?dangerous_get_state_array@?$dual_state_global@P6AXPEB_W00I_K@Z@__crt_state_management@@QEAAPEAP6AXPEB_W00I_K@ZXZ 0000000140004730 f i libucrtd:invalid_parameter.obj
 0001:00003730       ?get_address_of@?$__crt_unique_handle_t@U__crt_hmodule_traits@@@@QEAAPEAPEAUHINSTANCE__@@XZ 0000000140004730 f i libucrtd:exit.obj
 0001:00003730       ?dangerous_get_state_array@?$dual_state_global@PEAE@__crt_state_management@@QEAAPEAPEAEXZ 0000000140004730 f i libucrtd:mbctype.obj
 0001:00003730       ?dangerous_get_state_array@?$dual_state_global@H@__crt_state_management@@QEAAPEAHXZ 0000000140004730 f i libucrtd:txtmode.obj
 0001:00003730       ?debug_info@?$__crt_win32_buffer@DU__crt_win32_buffer_internal_dynamic_resizing@@@@QEBAAEBV__crt_win32_buffer_empty_debug_info@@XZ 0000000140004730 f i libucrtd:argv_wildcards.obj
 0001:00003730       ?debug_info@?$__crt_win32_buffer@_WU__crt_win32_buffer_internal_dynamic_resizing@@@@QEBAAEBV__crt_win32_buffer_empty_debug_info@@XZ 0000000140004730 f i libucrtd:argv_wildcards.obj
 0001:00003730       ?dangerous_get_state_array@?$dual_state_global@PEAU__crt_multibyte_data@@@__crt_state_management@@QEAAPEAPEAU__crt_multibyte_data@@XZ 0000000140004730 f i libucrtd:mbctype.obj
 0001:00003730       ?get_address_of@?$__crt_unique_heap_ptr@PEADU__crt_internal_free_policy@@@@QEAAPEAPEAPEADXZ 0000000140004730 f i libucrtd:argv_parsing.obj
 0001:00003730       ?dangerous_get_state_array@?$dual_state_global@PEAU__crt_locale_data@@@__crt_state_management@@QEAAPEAPEAU__crt_locale_data@@XZ 0000000140004730 f i libucrtd:per_thread_data.obj
 0001:00003730       ?debug_info@?$__crt_win32_buffer@DU__crt_win32_buffer_no_resizing@@@@QEBAAEBV__crt_win32_buffer_empty_debug_info@@XZ 0000000140004730 f i libucrtd:getmodulefilenamea.obj
 0001:00003740       ??0iterator@TryBlockMap@__FrameHandler3@@QEAA@AEAV12@I@Z 0000000140004740 f i libvcruntimed:risctrnsctrl.obj
 0001:00003740       ??0iterator@HandlerMap@__FrameHandler3@@QEAA@AEAV12@I@Z 0000000140004740 f i libvcruntimed:frame.obj
 0001:00003770       ?CatchTryBlock@__FrameHandler3@@SAPEBU_s_TryBlockMapEntry@@PEBU_s_FuncInfo@@H@Z 0000000140004770 f   libvcruntimed:risctrnsctrl.obj
 0001:00003800       ?ExecutionInCatch@__FrameHandler3@@SA_NPEAU_xDISPATCHER_CONTEXT@@PEBU_s_FuncInfo@@@Z 0000000140004800 f   libvcruntimed:risctrnsctrl.obj
 0001:00003850       ?FrameUnwindToEmptyState@__FrameHandler3@@SAXPEA_KPEAU_xDISPATCHER_CONTEXT@@PEBU_s_FuncInfo@@@Z 0000000140004850 f   libvcruntimed:risctrnsctrl.obj
 0001:000038f0       ?GetEstablisherFrame@__FrameHandler3@@SAPEA_KPEA_KPEAU_xDISPATCHER_CONTEXT@@PEBU_s_FuncInfo@@0@Z 00000001400048f0 f   libvcruntimed:risctrnsctrl.obj
 0001:00003a60       ?GetRangeOfTrysToCheck@__FrameHandler3@@SA?AU?$pair@Viterator@TryBlockMap@__FrameHandler3@@V123@@std@@AEAVTryBlockMap@1@HPEAU_xDISPATCHER_CONTEXT@@PEBU_s_FuncInfo@@H@Z 0000000140004a60 f   libvcruntimed:risctrnsctrl.obj
 0001:00003ca0       ?UnwindNestedFrames@__FrameHandler3@@SAXPEA_KPEAUEHExceptionRecord@@PEAU_CONTEXT@@0PEAXPEBU_s_FuncInfo@@HHPEBU_s_HandlerType@@PEAU_xDISPATCHER_CONTEXT@@E@Z 0000000140004ca0 f   libvcruntimed:risctrnsctrl.obj
 0001:00003e10       _CreateFrameInfo           0000000140004e10 f   libvcruntimed:risctrnsctrl.obj
 0001:00003e80       _FindAndUnlinkFrame        0000000140004e80 f   libvcruntimed:risctrnsctrl.obj
 0001:00003f00       _GetImageBase              0000000140004f00 f   libvcruntimed:risctrnsctrl.obj
 0001:00003f20       _GetThrowImageBase         0000000140004f20 f   libvcruntimed:risctrnsctrl.obj
 0001:00003f40       _SetImageBase              0000000140004f40 f   libvcruntimed:risctrnsctrl.obj
 0001:00003f60       _SetThrowImageBase         0000000140004f60 f   libvcruntimed:risctrnsctrl.obj
 0001:00003f80       __CxxFrameHandler3         0000000140004f80 f   libvcruntimed:risctrnsctrl.obj
 0001:00004060       ?GetCurrentState@__FrameHandler3@@SAHPEA_KPEAU_xDISPATCHER_CONTEXT@@PEBU_s_FuncInfo@@@Z 0000000140005060 f   libvcruntimed:ehstate.obj
 0001:000040c0       ?GetUnwindTryBlock@__FrameHandler3@@SAHPEA_KPEAU_xDISPATCHER_CONTEXT@@PEBU_s_FuncInfo@@@Z 00000001400050c0 f   libvcruntimed:ehstate.obj
 0001:00004110       ?SetState@__FrameHandler3@@SAXPEA_KPEBU_s_FuncInfo@@H@Z 0000000140005110 f   libvcruntimed:ehstate.obj
 0001:00004140       ?SetUnwindTryBlock@__FrameHandler3@@SAXPEA_KPEAU_xDISPATCHER_CONTEXT@@PEBU_s_FuncInfo@@H@Z 0000000140005140 f   libvcruntimed:ehstate.obj
 0001:000041b0       ?StateFromControlPc@__FrameHandler3@@SAHPEBU_s_FuncInfo@@PEAU_xDISPATCHER_CONTEXT@@@Z 00000001400051b0 f   libvcruntimed:ehstate.obj
 0001:000041f0       ?StateFromIp@__FrameHandler3@@SAHPEBU_s_FuncInfo@@PEAU_xDISPATCHER_CONTEXT@@_K@Z 00000001400051f0 f   libvcruntimed:ehstate.obj
 0001:000042e0       ?__RVAtoRealOffset@@YA_KPEAU_xDISPATCHER_CONTEXT@@H@Z 00000001400052e0 f i libvcruntimed:ehstate.obj
 0001:000054b0       ??$TypeMatchHelper@V__FrameHandler3@@@@YAHPEBU_s_HandlerType@@PEBU_s_CatchableType@@PEBU_s_ThrowInfo@@@Z 00000001400064b0 f i libvcruntimed:frame.obj
 0001:000056b0       ??$__InternalCxxFrameHandler@V__FrameHandler3@@@@YA?AW4_EXCEPTION_DISPOSITION@@PEAUEHExceptionRecord@@PEA_KPEAU_CONTEXT@@PEAU_xDISPATCHER_CONTEXT@@PEBU_s_FuncInfo@@H1E@Z 00000001400066b0 f i libvcruntimed:frame.obj
 0001:00005b20       ??0HandlerMap@__FrameHandler3@@QEAA@PEBU_s_TryBlockMapEntry@@_KI@Z 0000000140006b20 f i libvcruntimed:frame.obj
 0001:00005b70       ??0TryBlockMap@__FrameHandler3@@QEAA@PEBU_s_FuncInfo@@_K@Z 0000000140006b70 f i libvcruntimed:frame.obj
 0001:00005ba0       ??0bad_exception@std@@QEAA@AEBV01@@Z 0000000140006ba0 f i libvcruntimed:frame.obj
 0001:00005be0       ??0bad_exception@std@@QEAA@XZ 0000000140006be0 f i libvcruntimed:frame.obj
 0001:00005c20       ??0exception@std@@QEAA@AEBV01@@Z 0000000140006c20 f i libvcruntimed:frame.obj
 0001:00005c80       ??0exception@std@@QEAA@QEBDH@Z 0000000140006c80 f i libvcruntimed:frame.obj
 0001:00005cd0       ??1bad_exception@std@@UEAA@XZ 0000000140006cd0 f i libvcruntimed:frame.obj
 0001:00005cf0       ??1exception@std@@UEAA@XZ  0000000140006cf0 f i libvcruntimed:frame.obj
 0001:00005d20       ??8iterator@HandlerMap@__FrameHandler3@@QEBA_NAEBV012@@Z 0000000140006d20 f i libvcruntimed:frame.obj
 0001:00005d60       ??8type_info@@QEBA_NAEBV0@@Z 0000000140006d60 f i libvcruntimed:frame.obj
 0001:00005db0       ??9iterator@HandlerMap@__FrameHandler3@@QEBA_NAEBV012@@Z 0000000140006db0 f i libvcruntimed:frame.obj
 0001:00005df0       ??Diterator@HandlerMap@__FrameHandler3@@QEAA?BU_s_HandlerType@@XZ 0000000140006df0 f i libvcruntimed:frame.obj
 0001:00005e30       ??Diterator@TryBlockMap@__FrameHandler3@@QEAA?BU_s_TryBlockMapEntry@@XZ 0000000140006e30 f i libvcruntimed:frame.obj
 0001:00005e80       ??Eiterator@TryBlockMap@__FrameHandler3@@QEAAAEAV012@XZ 0000000140006e80 f i libvcruntimed:frame.obj
 0001:00005e80       ??Eiterator@HandlerMap@__FrameHandler3@@QEAAAEAV012@XZ 0000000140006e80 f i libvcruntimed:frame.obj
 0001:00005ea0       ??Miterator@TryBlockMap@__FrameHandler3@@QEBA_NAEBV012@@Z 0000000140006ea0 f i libvcruntimed:frame.obj
 0001:00005ee0       ??_Gbad_exception@std@@UEAAPEAXI@Z 0000000140006ee0 f i libvcruntimed:frame.obj
 0001:00005ee0       ??_Ebad_exception@std@@UEAAPEAXI@Z 0000000140006ee0 f i libvcruntimed:frame.obj
 0001:00005f20       ??_Gexception@std@@UEAAPEAXI@Z 0000000140006f20 f i libvcruntimed:frame.obj
 0001:00005f20       ??_Eexception@std@@UEAAPEAXI@Z 0000000140006f20 f i libvcruntimed:frame.obj
 0001:00005f60       ?BuildCatchObject@__FrameHandler3@@SAXPEAUEHExceptionRecord@@PEAXPEBU_s_HandlerType@@PEBU_s_CatchableType@@@Z 0000000140006f60 f   libvcruntimed:frame.obj
 0001:00005fa0       ?CxxCallCatchBlock@__FrameHandler3@@SAPEAXPEAU_EXCEPTION_RECORD@@@Z 0000000140006fa0 f   libvcruntimed:frame.obj
 0001:00006300       ?FrameUnwindToState@__FrameHandler3@@SAXPEA_KPEAU_xDISPATCHER_CONTEXT@@PEBU_s_FuncInfo@@H@Z 0000000140007300 f   libvcruntimed:frame.obj
 0001:00006550       ?GetHandlerSearchState@__FrameHandler3@@SAHPEA_KPEAU_xDISPATCHER_CONTEXT@@PEBU_s_FuncInfo@@@Z 0000000140007550 f i libvcruntimed:frame.obj
 0001:00006600       ?GetMaxState@__FrameHandler3@@SAHPEAU_xDISPATCHER_CONTEXT@@PEBU_s_FuncInfo@@@Z 0000000140007600 f i libvcruntimed:frame.obj
 0001:00006800       __TypeMatch                0000000140007800 f   libvcruntimed:frame.obj
 0001:00006800       ?TypeMatch@__FrameHandler3@@SAHPEBU_s_HandlerType@@PEBU_s_CatchableType@@PEBU_s_ThrowInfo@@@Z 0000000140007800 f   libvcruntimed:frame.obj
 0001:00006830       ?_CallMemberFunction1@@YAXQEAX00@Z 0000000140007830 f i libvcruntimed:frame.obj
 0001:00006870       ?_CallMemberFunction2@@YAXQEAX00H@Z 0000000140007870 f i libvcruntimed:frame.obj
 0001:00006900       ?begin@HandlerMap@__FrameHandler3@@QEAA?AViterator@12@XZ 0000000140007900 f i libvcruntimed:frame.obj
 0001:00006930       ?end@HandlerMap@__FrameHandler3@@QEAA?AViterator@12@XZ 0000000140007930 f i libvcruntimed:frame.obj
 0001:00006960       ?getESTypes@__FrameHandler3@@SAPEBU_s_ESTypeList@@PEBU_s_FuncInfo@@@Z 0000000140007960 f i libvcruntimed:frame.obj
 0001:000069a0       ?getLastEntry@HandlerMap@__FrameHandler3@@QEAAPEBU_s_HandlerType@@XZ 00000001400079a0 f i libvcruntimed:frame.obj
 0001:000069c0       ?getMagicNum@__FrameHandler3@@SAIPEBU_s_FuncInfo@@@Z 00000001400079c0 f i libvcruntimed:frame.obj
 0001:000069e0       ?getNumTryBlocks@TryBlockMap@__FrameHandler3@@QEAAIXZ 00000001400079e0 f i libvcruntimed:frame.obj
 0001:00006a00       ?isEHs@__FrameHandler3@@SA_NPEBU_s_FuncInfo@@@Z 0000000140007a00 f i libvcruntimed:frame.obj
 0001:00006a40       ?isNoExcept@__FrameHandler3@@SA_NPEBU_s_FuncInfo@@@Z 0000000140007a40 f i libvcruntimed:frame.obj
 0001:00006a80       ?what@exception@std@@UEBAPEBDXZ 0000000140007a80 f i libvcruntimed:frame.obj
 0001:00006ac0       __vcrt_EncodePointer       0000000140007ac0 f i libvcruntimed:frame.obj
 0001:00006af0       memset_repmovs             0000000140007af0 f   libvcruntimed:memset.obj
 0001:00006b10       memset                     0000000140007b10 f   libvcruntimed:memset.obj
 0001:00006cb0       _CallSettingFrame          0000000140007cb0 f   libvcruntimed:handlers.obj
 0001:00006d00       _CallSettingFrame_LookupContinuationIndex 0000000140007d00 f   libvcruntimed:handlers.obj
 0001:00006d30       _CallSettingFrame_NotifyContinuationAddr 0000000140007d30 f   libvcruntimed:handlers.obj
 0001:00006d60       _CallSettingFrameEncoded   0000000140007d60 f   libvcruntimed:handlers.obj
 0001:00006db0       ??$?RD@__crt_public_free_policy@@QEBAXQEBD@Z 0000000140007db0 f i libvcruntimed:std_exception.obj
 0001:00006dd0       ??1?$__crt_unique_heap_ptr@DU__crt_public_free_policy@@@@QEAA@XZ 0000000140007dd0 f i libvcruntimed:std_exception.obj
 0001:00006df0       ?release@?$__crt_unique_heap_ptr@DU__crt_public_free_policy@@@@QEAAXXZ 0000000140007df0 f i libvcruntimed:std_exception.obj
 0001:00006e20       __std_exception_copy       0000000140007e20 f   libvcruntimed:std_exception.obj
 0001:00006f60       __std_exception_destroy    0000000140007f60 f   libvcruntimed:std_exception.obj
 0001:00006fa0       _CxxThrowException         0000000140007fa0 f   libvcruntimed:throw.obj
 0001:00007140       _seh_filter_exe            0000000140008140 f   libucrtd:exception_filter.obj
 0001:000075b0       __acrt_report_runtime_error 00000001400085b0 f   libucrtd:report_runtime_error.obj
 0001:00007830       _invoke_watson_if_error    0000000140008830 f i libucrtd:report_runtime_error.obj
 0001:00007880       _query_app_type            0000000140008880 f   libucrtd:report_runtime_error.obj
 0001:00007890       _set_app_type              0000000140008890 f   libucrtd:report_runtime_error.obj
 0001:000078a0       ??$__crt_fast_decode_pointer@PEAX@@YAPEAXQEAX@Z 00000001400088a0 f i libucrtd:winapi_thunks.obj
 0001:000078a0       ??$__crt_fast_decode_pointer@P6AH_K@Z@@YAP6AH_K@ZQ6AH0@Z@Z 00000001400088a0 f i libucrtd:new_handler.obj
 0001:000078a0       ??$__crt_fast_decode_pointer@P6AXXZ@@YAP6AXXZQ6AXXZ@Z 00000001400088a0 f i libucrtd:onexit.obj
 0001:000078a0       ??$__crt_fast_decode_pointer@P6AXPEAXK0@Z@@YAP6AXPEAXK0@ZQ6AX0K0@Z@Z 00000001400088a0 f i libucrtd:exit.obj
 0001:000078a0       ??$__crt_fast_decode_pointer@P6AXH@Z@@YAP6AXH@ZQ6AXH@Z@Z 00000001400088a0 f i libucrtd:signal.obj
 0001:000078a0       ??$__crt_fast_decode_pointer@PEAP6AXXZ@@YAPEAP6AXXZQEAP6AXXZ@Z 00000001400088a0 f i libucrtd:onexit.obj
 0001:000078a0       ??$__crt_fast_decode_pointer@P6AHPEAU_exception@@@Z@@YAP6AHPEAU_exception@@@ZQ6AH0@Z@Z 00000001400088a0 f i libucrtd:matherr.obj
 0001:000078a0       ??$__crt_fast_decode_pointer@P6AXPEB_W00I_K@Z@@YAP6AXPEB_W00I_K@ZQ6AX000I1@Z@Z 00000001400088a0 f i libucrtd:invalid_parameter.obj
 0001:000078e0       ??$__crt_fast_encode_pointer@PEAX@@YAPEAXQEAX@Z 00000001400088e0 f i libucrtd:initialization.obj
 0001:000078e0       ??$__crt_fast_encode_pointer@P6AXH@Z@@YAP6AXH@ZQ6AXH@Z@Z 00000001400088e0 f i libucrtd:signal.obj
 0001:000078e0       ??$__crt_fast_encode_pointer@P6AHPEAU_exception@@@Z@@YAP6AHPEAU_exception@@@ZQ6AH0@Z@Z 00000001400088e0 f i libucrtd:matherr.obj
 0001:000078e0       ??$__crt_fast_encode_pointer@P6AXXZ@@YAP6AXXZQ6AXXZ@Z 00000001400088e0 f i libucrtd:onexit.obj
 0001:000078e0       ??$__crt_fast_encode_pointer@P6AXPEAXK0@Z@@YAP6AXPEAXK0@ZQ6AX0K0@Z@Z 00000001400088e0 f i libucrtd:exit.obj
 0001:000078e0       ??$__crt_fast_encode_pointer@P6AHXZ@@YAP6AHXZQ6AHXZ@Z 00000001400088e0 f i libucrtd:onexit.obj
 0001:000078e0       ??$__crt_fast_encode_pointer@PEAP6AXXZ@@YAPEAP6AXXZQEAP6AXXZ@Z 00000001400088e0 f i libucrtd:onexit.obj
 0001:00007920       ?__crt_rotate_pointer_value@@YA_K_KH@Z 0000000140008920 f i libucrtd:matherr.obj
 0001:00007940       ?initialize@?$dual_state_global@P6AXH@Z@__crt_state_management@@QEAAXQ6AXH@Z@Z 0000000140008940 f i libucrtd:signal.obj
 0001:00007940       ?initialize@?$dual_state_global@P6AH_K@Z@__crt_state_management@@QEAAXQ6AH_K@Z@Z 0000000140008940 f i libucrtd:new_handler.obj
 0001:00007940       ?initialize@?$dual_state_global@PEAU__crt_multibyte_data@@@__crt_state_management@@QEAAXQEAU__crt_multibyte_data@@@Z 0000000140008940 f i libucrtd:mbctype.obj
 0001:00007940       ?initialize@?$dual_state_global@P6AHPEAU_exception@@@Z@__crt_state_management@@QEAAXQ6AHPEAU_exception@@@Z@Z 0000000140008940 f i libucrtd:matherr.obj
 0001:00007940       ?initialize@?$dual_state_global@PEAU__crt_locale_data@@@__crt_state_management@@QEAAXQEAU__crt_locale_data@@@Z 0000000140008940 f i libucrtd:initialization.obj
 0001:00007990       ?value@?$dual_state_global@P6AHPEAU_exception@@@Z@__crt_state_management@@QEAAAEAP6AHPEAU_exception@@@ZXZ 0000000140008990 f i libucrtd:matherr.obj
 0001:00007990       ?value@?$dual_state_global@P6AXH@Z@__crt_state_management@@QEAAAEAP6AXH@ZXZ 0000000140008990 f i libucrtd:signal.obj
 0001:00007990       ?value@?$dual_state_global@PEAU__crt_multibyte_data@@@__crt_state_management@@QEAAAEAPEAU__crt_multibyte_data@@XZ 0000000140008990 f i libucrtd:mbctype.obj
 0001:00007990       ?value@?$dual_state_global@P6AH_K@Z@__crt_state_management@@QEAAAEAP6AH_K@ZXZ 0000000140008990 f i libucrtd:new_handler.obj
 0001:00007990       ?value@?$dual_state_global@P6AXPEB_W00I_K@Z@__crt_state_management@@QEAAAEAP6AXPEB_W00I_K@ZXZ 0000000140008990 f i libucrtd:invalid_parameter.obj
 0001:00007990       ?value@?$dual_state_global@PEAE@__crt_state_management@@QEAAAEAPEAEXZ 0000000140008990 f i libucrtd:mbctype.obj
 0001:00007990       ?value@?$dual_state_global@PEAU__crt_locale_data@@@__crt_state_management@@QEAAAEAPEAU__crt_locale_data@@XZ 0000000140008990 f i libucrtd:wsetlocale.obj
 0001:000079b0       __acrt_has_user_matherr    00000001400089b0 f   libucrtd:matherr.obj
 0001:000079f0       __acrt_initialize_user_matherr 00000001400089f0 f   libucrtd:matherr.obj
 0001:00007a10       __acrt_invoke_user_matherr 0000000140008a10 f   libucrtd:matherr.obj
 0001:00007a60       __setusermatherr           0000000140008a60 f   libucrtd:matherr.obj
 0001:00007e30       ??$get_module_file_name@AEAPEAUHINSTANCE__@@AEAY0BAF@DK@?$__crt_char_traits@D@@SAKAEAPEAUHINSTANCE__@@AEAY0BAF@D$$QEAK@Z 0000000140008e30 f i libucrtd:dbgrpt.obj
 0001:00007e30       ??$get_module_file_name@$$TAEAY0BAF@DH@?$__crt_char_traits@D@@SAK$$QEA$$TAEAY0BAF@D$$QEAH@Z 0000000140008e30 f i libucrtd:argv_parsing.obj
 0001:00008300       ??$set_program_name@PEAD@?$__crt_char_traits@D@@SAX$$QEAPEAD@Z 0000000140009300 f i libucrtd:argv_parsing.obj
 0001:00008430       __acrt_allocate_buffer_for_argv 0000000140009430 f   libucrtd:argv_parsing.obj
 0001:00008550       _configure_narrow_argv     0000000140009550 f   libucrtd:argv_parsing.obj
 0001:00008570       _set_pgmptr                0000000140009570 f i libucrtd:argv_parsing.obj
 0001:000087a0       ??$tcslen@AEAPEAD@?$__crt_char_traits@D@@SA_KAEAPEAD@Z 00000001400097a0 f i libucrtd:environment_initialization.obj
 0001:000087ec       ??B?$__crt_unique_heap_ptr@PEADU__crt_internal_free_policy@@@@QEBA_NXZ 00000001400097ec f i libucrtd:environment_initialization.obj
 0001:000087f4       ?detach@?$__crt_unique_heap_ptr@DU__crt_internal_free_policy@@@@QEAAPEADXZ 00000001400097f4 f i libucrtd:environment_initialization.obj
 0001:000087fc       __dcrt_uninitialize_environments_nolock 00000001400097fc f   libucrtd:environment_initialization.obj
 0001:00008834       _initialize_narrow_environment 0000000140009834 f   libucrtd:environment_initialization.obj
 0001:00008980       _get_narrow_winmain_command_line 0000000140009980 f   libucrtd:argv_winmain.obj
 0001:00008990       _initterm                  0000000140009990 f   libucrtd:initterm.obj
 0001:000089f0       _initterm_e                00000001400099f0 f   libucrtd:initterm.obj
 0001:00008a70       ??$?B$$A6AXH@Z@__crt_fast_encoded_nullptr_t@@QEBAP6AXH@ZXZ 0000000140009a70 f i libucrtd:signal.obj
 0001:00008a70       ??$?BX@__crt_fast_encoded_nullptr_t@@QEBAPEAXXZ 0000000140009a70 f i libucrtd:initialization.obj
 0001:00008a70       ??$?BP6AXXZ@__crt_fast_encoded_nullptr_t@@QEBAPEAP6AXXZXZ 0000000140009a70 f i libucrtd:onexit.obj
 0001:00008a70       ??$?B$$A6AXPEAXK0@Z@__crt_fast_encoded_nullptr_t@@QEBAP6AXPEAXK0@ZXZ 0000000140009a70 f i libucrtd:exit.obj
 0001:00008a70       ??$?B$$A6AXXZ@__crt_fast_encoded_nullptr_t@@QEBAP6AXXZXZ 0000000140009a70 f i libucrtd:onexit.obj
 0001:00008b20       ??$__crt_get_proc_address@P6AXI@Z@@YAP6AXI@ZQEAUHINSTANCE__@@QEBD@Z 0000000140009b20 f i libucrtd:exit.obj
 0001:00008b50       ??$__crt_interlocked_read@J@@YAJPEDJ@Z 0000000140009b50 f i libucrtd:exit.obj
 0001:00008be0       ??1?$__crt_unique_handle_t@U__crt_hmodule_traits@@@@QEAA@XZ 0000000140009be0 f i libucrtd:exit.obj
 0001:00008d40       ?__acrt_select_exit_lock@@YA?AW4__acrt_lock_id@@XZ 0000000140009d40 f i libucrtd:exit.obj
 0001:00008d50       ?__crt_fast_encode_pointer@@YA?AU__crt_fast_encoded_nullptr_t@@$$T@Z 0000000140009d50 f i libucrtd:exit.obj
 0001:00008d70       ?__crt_interlocked_read_32@@YAHPEDH@Z 0000000140009d70 f i libucrtd:exit.obj
 0001:00008db0       ?close@?$__crt_unique_handle_t@U__crt_hmodule_traits@@@@QEAAXXZ 0000000140009db0 f i libucrtd:exit.obj
 0001:00008df0       ?close@__crt_hmodule_traits@@SA_NPEAUHINSTANCE__@@@Z 0000000140009df0 f i libucrtd:exit.obj
 0001:000090b0       __acrt_initialize_thread_local_exit_callback 000000014000a0b0 f   libucrtd:exit.obj
 0001:000090d0       _c_exit                    000000014000a0d0 f   libucrtd:exit.obj
 0001:000090f0       _cexit                     000000014000a0f0 f   libucrtd:exit.obj
 0001:00009110       _exit                      000000014000a110 f   libucrtd:exit.obj
 0001:00009130       _register_thread_local_exe_atexit_callback 000000014000a130 f   libucrtd:exit.obj
 0001:00009180       exit                       000000014000a180 f   libucrtd:exit.obj
 0001:000091a0       ?value@?$dual_state_global@H@__crt_state_management@@QEAAAEAHXZ 000000014000a1a0 f i libucrtd:setmode.obj
 0001:000091a0       ?value@?$dual_state_global@J@__crt_state_management@@QEAAAEAJXZ 000000014000a1a0 f i libucrtd:new_mode.obj
 0001:000091c0       _set_fmode                 000000014000a1c0 f   libucrtd:setmode.obj
 0001:00009400       __acrt_disable_global_locale_sync 000000014000a400 f i libucrtd:wsetlocale.obj
 0001:00009430       __acrt_enable_global_locale_sync 000000014000a430 f i libucrtd:wsetlocale.obj
 0001:00009460       __acrt_set_locale_changed  000000014000a460 f   libucrtd:wsetlocale.obj
 0001:00009470       __acrt_uninitialize_locale 000000014000a470 f   libucrtd:wsetlocale.obj
 0001:000094a0       __ascii_tolower            000000014000a4a0 f i libucrtd:wsetlocale.obj
 0001:000094c0       __ascii_towlower           000000014000a4c0 f i libucrtd:wsetlocale.obj
 0001:000094e0       _configthreadlocale        000000014000a4e0 f   libucrtd:wsetlocale.obj
 0001:00009640       _query_new_mode            000000014000a640 f   libucrtd:new_mode.obj
 0001:00009660       _set_new_mode              000000014000a660 f   libucrtd:new_mode.obj
 0001:00009730       __p__commode               000000014000a730 f   libucrtd:ncommode.obj
 0001:00009dc0       _crt_atexit                000000014000adc0 f   libucrtd:onexit.obj
 0001:00009de0       _execute_onexit_table      000000014000ade0 f   libucrtd:onexit.obj
 0001:00009e20       _initialize_onexit_table   000000014000ae20 f   libucrtd:onexit.obj
 0001:00009ea0       _register_onexit_function  000000014000aea0 f   libucrtd:onexit.obj
 0001:00009f30       __acrt_uninitialize_command_line 000000014000af30 f   libucrtd:argv_data.obj
 0001:0000a190       __acrt_initialize          000000014000b190 f   libucrtd:initialization.obj
 0001:0000a1c0       __acrt_uninitialize        000000014000b1c0 f   libucrtd:initialization.obj
 0001:0000a1f0       terminate                  000000014000b1f0 f   libucrtd:terminate.obj
 0001:0000a230       ??0_LocaleUpdate@@QEAA@QEAU__crt_locale_pointers@@@Z 000000014000b230 f i libucrtd:debug_heap.obj
 0001:0000a350       ??1_LocaleUpdate@@QEAA@XZ  000000014000b350 f i libucrtd:debug_heap.obj
 0001:0000a380       ?GetLocaleT@_LocaleUpdate@@QEAAPEAU__crt_locale_pointers@@XZ 000000014000b380 f i libucrtd:debug_heap.obj
 0001:0000c360       _CrtCheckMemory            000000014000d360 f   libucrtd:debug_heap.obj
 0001:0000c4f0       _CrtDumpMemoryLeaks        000000014000d4f0 f   libucrtd:debug_heap.obj
 0001:0000c5b0       _CrtIsValidHeapPointer     000000014000d5b0 f   libucrtd:debug_heap.obj
 0001:0000c5f0       _CrtIsValidPointer         000000014000d5f0 f   libucrtd:debug_heap.obj
 0001:0000c630       _CrtMemCheckpoint          000000014000d630 f   libucrtd:debug_heap.obj
 0001:0000c8b0       _CrtMemDumpAllObjectsSince 000000014000d8b0 f   libucrtd:debug_heap.obj
 0001:0000c910       _CrtSetDbgFlag             000000014000d910 f   libucrtd:debug_heap.obj
 0001:0000ca70       _CrtSetDumpClient          000000014000da70 f   libucrtd:debug_heap.obj
 0001:0000caa0       __acrt_get_locale_data_prefix 000000014000daa0 f i libucrtd:debug_heap.obj
 0001:0000cac0       __acrt_locale_changed      000000014000dac0 f i libucrtd:debug_heap.obj
 0001:0000caf0       _calloc_dbg                000000014000daf0 f   libucrtd:debug_heap.obj
 0001:0000cb90       _chvalidchk_l              000000014000db90 f i libucrtd:debug_heap.obj
 0001:0000cbc0       _free_dbg                  000000014000dbc0 f   libucrtd:debug_heap.obj
 0001:0000cc30       _invoke_watson_if_oneof    000000014000dc30 f i libucrtd:debug_heap.obj
 0001:0000cc90       _ischartype_l              000000014000dc90 f i libucrtd:debug_heap.obj
 0001:0000cd20       _malloc_dbg                000000014000dd20 f   libucrtd:debug_heap.obj
 0001:0000cd60       _msize_dbg                 000000014000dd60 f   libucrtd:debug_heap.obj
 0001:0000cf00       _realloc_dbg               000000014000df00 f   libucrtd:debug_heap.obj
 0001:0000cf70       _recalloc_dbg              000000014000df70 f   libucrtd:debug_heap.obj
 0001:0000d540       strcpy_s                   000000014000e540 f   libucrtd:strcpy_s.obj
 0001:0000d580       strcmp                     000000014000e580 f   libucrtd:strcmp.obj
 0001:0000d600       strlen                     000000014000e600 f   libucrtd:strlen.obj
 0001:0000d6b0       abort                      000000014000e6b0 f   libucrtd:abort.obj
 0001:0000d730       ??$initialize_from_array@$$BY00Q6AXPEB_W00I_K@Z@?$dual_state_global@P6AXPEB_W00I_K@Z@__crt_state_management@@QEAAXAEAY00Q6AXPEB_W00I_K@Z@Z 000000014000e730 f i libucrtd:invalid_parameter.obj
 0001:0000d790       __acrt_call_reportfault    000000014000e790 f   libucrtd:invalid_parameter.obj
 0001:0000d8c0       __acrt_initialize_invalid_parameter_handler 000000014000e8c0 f   libucrtd:invalid_parameter.obj
 0001:0000d8f0       _invalid_parameter         000000014000e8f0 f   libucrtd:invalid_parameter.obj
 0001:0000d9f0       _invalid_parameter_noinfo  000000014000e9f0 f   libucrtd:invalid_parameter.obj
 0001:0000da20       _invoke_watson             000000014000ea20 f   libucrtd:invalid_parameter.obj
 0001:0000da80       ??$?0AEBV?$string_output_adapter@D@__crt_stdio_output@@AEB_KAEBQEBDAEBQEAU__crt_locale_pointers@@AEBQEAD@?$format_validation_base@DV?$string_output_adapter@D@__crt_stdio_output@@@__crt_stdio_output@@IEAA@AEBV?$string_output_adapter@D@1@AEB_KAEBQEBDAEBQEAU__crt_locale_pointers@@AEBQEAD@Z 000000014000ea80 f i libucrtd:output.obj
 0001:0000dad0       ??$?0AEBV?$string_output_adapter@D@__crt_stdio_output@@AEB_KAEBQEBDAEBQEAU__crt_locale_pointers@@AEBQEAD@?$standard_base@DV?$string_output_adapter@D@__crt_stdio_output@@@__crt_stdio_output@@IEAA@AEBV?$string_output_adapter@D@1@AEB_KAEBQEBDAEBQEAU__crt_locale_pointers@@AEBQEAD@Z 000000014000ead0 f i libucrtd:output.obj
 0001:0000db40       ??$?0AEBV?$string_output_adapter@_W@__crt_stdio_output@@AEB_KAEBQEB_WAEBQEAU__crt_locale_pointers@@AEBQEAD@?$format_validation_base@_WV?$string_output_adapter@_W@__crt_stdio_output@@@__crt_stdio_output@@IEAA@AEBV?$string_output_adapter@_W@1@AEB_KAEBQEB_WAEBQEAU__crt_locale_pointers@@AEBQEAD@Z 000000014000eb40 f i libucrtd:output.obj
 0001:0000db90       ??$?0AEBV?$string_output_adapter@_W@__crt_stdio_output@@AEB_KAEBQEB_WAEBQEAU__crt_locale_pointers@@AEBQEAD@?$standard_base@_WV?$string_output_adapter@_W@__crt_stdio_output@@@__crt_stdio_output@@IEAA@AEBV?$string_output_adapter@_W@1@AEB_KAEBQEB_WAEBQEAU__crt_locale_pointers@@AEBQEAD@Z 000000014000eb90 f i libucrtd:output.obj
 0001:0000f510       ??$count@D@formatting_buffer@__crt_stdio_output@@QEBA_KXZ 0000000140010510 f i libucrtd:output.obj
 0001:0000f560       ??$count@_W@formatting_buffer@__crt_stdio_output@@QEBA_KXZ 0000000140010560 f i libucrtd:output.obj
 0001:0000f5b0       ??$data@D@formatting_buffer@__crt_stdio_output@@QEAAPEADXZ 00000001400105b0 f i libucrtd:output.obj
 0001:0000f5b0       ??$data@_W@formatting_buffer@__crt_stdio_output@@QEAAPEA_WXZ 00000001400105b0 f i libucrtd:output.obj
 0001:0000f600       ??$ensure_buffer_is_big_enough@D@formatting_buffer@__crt_stdio_output@@QEAA_N_K@Z 0000000140010600 f i libucrtd:output.obj
 0001:0000f730       ??$ensure_buffer_is_big_enough@_W@formatting_buffer@__crt_stdio_output@@QEAA_N_K@Z 0000000140010730 f i libucrtd:output.obj
 0001:0000f860       ??$extract_argument_from_va_list@C_J@?$standard_base@DV?$string_output_adapter@D@__crt_stdio_output@@@__crt_stdio_output@@IEAA_NAEA_J@Z 0000000140010860 f i libucrtd:output.obj
 0001:0000f860       ??$extract_argument_from_va_list@C_J@?$standard_base@_WV?$string_output_adapter@_W@__crt_stdio_output@@@__crt_stdio_output@@IEAA_NAEA_J@Z 0000000140010860 f i libucrtd:output.obj
 0001:0000f8a0       ??$extract_argument_from_va_list@E_J@?$standard_base@_WV?$string_output_adapter@_W@__crt_stdio_output@@@__crt_stdio_output@@IEAA_NAEA_J@Z 00000001400108a0 f i libucrtd:output.obj
 0001:0000f8a0       ??$extract_argument_from_va_list@E_J@?$standard_base@DV?$string_output_adapter@D@__crt_stdio_output@@@__crt_stdio_output@@IEAA_NAEA_J@Z 00000001400108a0 f i libucrtd:output.obj
 0001:0000f8e0       ??$extract_argument_from_va_list@F_J@?$standard_base@DV?$string_output_adapter@D@__crt_stdio_output@@@__crt_stdio_output@@IEAA_NAEA_J@Z 00000001400108e0 f i libucrtd:output.obj
 0001:0000f8e0       ??$extract_argument_from_va_list@F_J@?$standard_base@_WV?$string_output_adapter@_W@__crt_stdio_output@@@__crt_stdio_output@@IEAA_NAEA_J@Z 00000001400108e0 f i libucrtd:output.obj
 0001:0000f920       ??$extract_argument_from_va_list@GD@?$standard_base@DV?$string_output_adapter@D@__crt_stdio_output@@@__crt_stdio_output@@IEAA_NAEAD@Z 0000000140010920 f i libucrtd:output.obj
 0001:0000f950       ??$extract_argument_from_va_list@G_J@?$standard_base@_WV?$string_output_adapter@_W@__crt_stdio_output@@@__crt_stdio_output@@IEAA_NAEA_J@Z 0000000140010950 f i libucrtd:output.obj
 0001:0000f950       ??$extract_argument_from_va_list@G_J@?$standard_base@DV?$string_output_adapter@D@__crt_stdio_output@@@__crt_stdio_output@@IEAA_NAEA_J@Z 0000000140010950 f i libucrtd:output.obj
 0001:0000f990       ??$extract_argument_from_va_list@H_J@?$standard_base@_WV?$string_output_adapter@_W@__crt_stdio_output@@@__crt_stdio_output@@IEAA_NAEA_J@Z 0000000140010990 f i libucrtd:output.obj
 0001:0000f990       ??$extract_argument_from_va_list@H_J@?$standard_base@DV?$string_output_adapter@D@__crt_stdio_output@@@__crt_stdio_output@@IEAA_NAEA_J@Z 0000000140010990 f i libucrtd:output.obj
 0001:0000f9c0       ??$extract_argument_from_va_list@I_J@?$standard_base@DV?$string_output_adapter@D@__crt_stdio_output@@@__crt_stdio_output@@IEAA_NAEA_J@Z 00000001400109c0 f i libucrtd:output.obj
 0001:0000f9c0       ??$extract_argument_from_va_list@I_J@?$standard_base@_WV?$string_output_adapter@_W@__crt_stdio_output@@@__crt_stdio_output@@IEAA_NAEA_J@Z 00000001400109c0 f i libucrtd:output.obj
 0001:0000f9f0       ??$extract_argument_from_va_list@PEADPEAD@?$standard_base@DV?$string_output_adapter@D@__crt_stdio_output@@@__crt_stdio_output@@IEAA_NAEAPEAD@Z 00000001400109f0 f i libucrtd:output.obj
 0001:0000f9f0       ??$extract_argument_from_va_list@PEAUansi_string@?1??type_case_Z@?$output_processor@DV?$string_output_adapter@D@__crt_stdio_output@@V?$format_validation_base@DV?$string_output_adapter@D@__crt_stdio_output@@@2@@__crt_stdio_output@@AEAA_NXZ@PEAU1?1??234@AEAA_NXZ@@?$standard_base@DV?$string_output_adapter@D@__crt_stdio_output@@@__crt_stdio_output@@IEAA_NAEAPEAUansi_string@?1??type_case_Z@?$output_processor@DV?$string_output_adapter@D@__crt_stdio_output@@V?$format_validation_base@DV?$string_output_adapter@D@__crt_stdio_output@@@2@@1@AEAA_NXZ@@Z 00000001400109f0 f i libucrtd:output.obj
 0001:0000f9f0       ??$extract_argument_from_va_list@_J_J@?$standard_base@DV?$string_output_adapter@D@__crt_stdio_output@@@__crt_stdio_output@@IEAA_NAEA_J@Z 00000001400109f0 f i libucrtd:output.obj
 0001:0000f9f0       ??$extract_argument_from_va_list@_K_J@?$standard_base@DV?$string_output_adapter@D@__crt_stdio_output@@@__crt_stdio_output@@IEAA_NAEA_J@Z 00000001400109f0 f i libucrtd:output.obj
 0001:0000f9f0       ??$extract_argument_from_va_list@_J_J@?$standard_base@_WV?$string_output_adapter@_W@__crt_stdio_output@@@__crt_stdio_output@@IEAA_NAEA_J@Z 00000001400109f0 f i libucrtd:output.obj
 0001:0000f9f0       ??$extract_argument_from_va_list@PEADPEAD@?$standard_base@_WV?$string_output_adapter@_W@__crt_stdio_output@@@__crt_stdio_output@@IEAA_NAEAPEAD@Z 00000001400109f0 f i libucrtd:output.obj
 0001:0000f9f0       ??$extract_argument_from_va_list@PEAXPEAX@?$standard_base@DV?$string_output_adapter@D@__crt_stdio_output@@@__crt_stdio_output@@IEAA_NAEAPEAX@Z 00000001400109f0 f i libucrtd:output.obj
 0001:0000f9f0       ??$extract_argument_from_va_list@PEAXPEAX@?$standard_base@_WV?$string_output_adapter@_W@__crt_stdio_output@@@__crt_stdio_output@@IEAA_NAEAPEAX@Z 00000001400109f0 f i libucrtd:output.obj
 0001:0000f9f0       ??$extract_argument_from_va_list@_K_J@?$standard_base@_WV?$string_output_adapter@_W@__crt_stdio_output@@@__crt_stdio_output@@IEAA_NAEA_J@Z 00000001400109f0 f i libucrtd:output.obj
 0001:0000f9f0       ??$extract_argument_from_va_list@PEAUansi_string@?1??type_case_Z@?$output_processor@_WV?$string_output_adapter@_W@__crt_stdio_output@@V?$format_validation_base@_WV?$string_output_adapter@_W@__crt_stdio_output@@@2@@__crt_stdio_output@@AEAA_NXZ@PEAU1?1??234@AEAA_NXZ@@?$standard_base@_WV?$string_output_adapter@_W@__crt_stdio_output@@@__crt_stdio_output@@IEAA_NAEAPEAUansi_string@?1??type_case_Z@?$output_processor@_WV?$string_output_adapter@_W@__crt_stdio_output@@V?$format_validation_base@_WV?$string_output_adapter@_W@__crt_stdio_output@@@2@@1@AEAA_NXZ@@Z 00000001400109f0 f i libucrtd:output.obj
 0001:0000fa20       ??$extract_argument_from_va_list@U_CRT_DOUBLE@@U1@@?$standard_base@_WV?$string_output_adapter@_W@__crt_stdio_output@@@__crt_stdio_output@@IEAA_NAEAU_CRT_DOUBLE@@@Z 0000000140010a20 f i libucrtd:output.obj
 0001:0000fa20       ??$extract_argument_from_va_list@U_CRT_DOUBLE@@U1@@?$standard_base@DV?$string_output_adapter@D@__crt_stdio_output@@@__crt_stdio_output@@IEAA_NAEAU_CRT_DOUBLE@@@Z 0000000140010a20 f i libucrtd:output.obj
 0001:0000fa70       ??$extract_argument_from_va_list@_W_W@?$standard_base@DV?$string_output_adapter@D@__crt_stdio_output@@@__crt_stdio_output@@IEAA_NAEA_W@Z 0000000140010a70 f i libucrtd:output.obj
 0001:0000fa70       ??$extract_argument_from_va_list@_W_W@?$standard_base@_WV?$string_output_adapter@_W@__crt_stdio_output@@@__crt_stdio_output@@IEAA_NAEA_W@Z 0000000140010a70 f i libucrtd:output.obj
 0001:0000faa0       ??$is_wide_character_specifier@D@__crt_stdio_output@@YA_N_KDW4length_modifier@0@@Z 0000000140010aa0 f i libucrtd:output.obj
 0001:0000fb40       ??$is_wide_character_specifier@_W@__crt_stdio_output@@YA_N_K_WW4length_modifier@0@@Z 0000000140010b40 f i libucrtd:output.obj
 0001:0000fc10       ??$read_va_arg@C@__crt_stdio_output@@YACAEAPEAD@Z 0000000140010c10 f i libucrtd:output.obj
 0001:0000fc10       ??$read_va_arg@E@__crt_stdio_output@@YAEAEAPEAD@Z 0000000140010c10 f i libucrtd:output.obj
 0001:0000fc80       ??$read_va_arg@G@__crt_stdio_output@@YAGAEAPEAD@Z 0000000140010c80 f i libucrtd:output.obj
 0001:0000fc80       ??$read_va_arg@F@__crt_stdio_output@@YAFAEAPEAD@Z 0000000140010c80 f i libucrtd:output.obj
 0001:0000fc80       ??$read_va_arg@_W@__crt_stdio_output@@YA_WAEAPEAD@Z 0000000140010c80 f i libucrtd:output.obj
 0001:0000fcf0       ??$read_va_arg@I@__crt_stdio_output@@YAIAEAPEAD@Z 0000000140010cf0 f i libucrtd:output.obj
 0001:0000fcf0       ??$read_va_arg@H@__crt_stdio_output@@YAHAEAPEAD@Z 0000000140010cf0 f i libucrtd:output.obj
 0001:0000fd50       ??$read_va_arg@U_CRT_DOUBLE@@@__crt_stdio_output@@YA?AU_CRT_DOUBLE@@AEAPEAD@Z 0000000140010d50 f i libucrtd:output.obj
 0001:0000fd50       ??$read_va_arg@PEAX@__crt_stdio_output@@YAPEAXAEAPEAD@Z 0000000140010d50 f i libucrtd:output.obj
 0001:0000fd50       ??$read_va_arg@PEAUansi_string@?1??type_case_Z@?$output_processor@_WV?$string_output_adapter@_W@__crt_stdio_output@@V?$format_validation_base@_WV?$string_output_adapter@_W@__crt_stdio_output@@@2@@__crt_stdio_output@@AEAA_NXZ@@__crt_stdio_output@@YAPEAUansi_string@?1??type_case_Z@?$output_processor@_WV?$string_output_adapter@_W@__crt_stdio_output@@V?$format_validation_base@_WV?$string_output_adapter@_W@__crt_stdio_output@@@2@@0@AEAA_NXZ@AEAPEAD@Z 0000000140010d50 f i libucrtd:output.obj
 0001:0000fd50       ??$read_va_arg@_K@__crt_stdio_output@@YA_KAEAPEAD@Z 0000000140010d50 f i libucrtd:output.obj
 0001:0000fd50       ??$read_va_arg@PEAUansi_string@?1??type_case_Z@?$output_processor@DV?$string_output_adapter@D@__crt_stdio_output@@V?$format_validation_base@DV?$string_output_adapter@D@__crt_stdio_output@@@2@@__crt_stdio_output@@AEAA_NXZ@@__crt_stdio_output@@YAPEAUansi_string@?1??type_case_Z@?$output_processor@DV?$string_output_adapter@D@__crt_stdio_output@@V?$format_validation_base@DV?$string_output_adapter@D@__crt_stdio_output@@@2@@0@AEAA_NXZ@AEAPEAD@Z 0000000140010d50 f i libucrtd:output.obj
 0001:0000fd50       ??$read_va_arg@_J@__crt_stdio_output@@YA_JAEAPEAD@Z 0000000140010d50 f i libucrtd:output.obj
 0001:0000fd50       ??$read_va_arg@PEAD@__crt_stdio_output@@YAPEADAEAPEAD@Z 0000000140010d50 f i libucrtd:output.obj
 0001:0000fdc0       ??$scratch_count@D@formatting_buffer@__crt_stdio_output@@QEBA_KXZ 0000000140010dc0 f i libucrtd:output.obj
 0001:0000fde0       ??$scratch_data@D@formatting_buffer@__crt_stdio_output@@QEAAPEADXZ 0000000140010de0 f i libucrtd:output.obj
 0001:0000fe50       ??$tcstol@PEBDPEAPEADH@?$__crt_char_traits@D@@SAJ$$QEAPEBD$$QEAPEAPEAD$$QEAH@Z 0000000140010e50 f i libucrtd:output.obj
 0001:0000fe90       ??$tcstol@PEB_WPEAPEA_WH@?$__crt_char_traits@_W@@SAJ$$QEAPEB_W$$QEAPEAPEA_W$$QEAH@Z 0000000140010e90 f i libucrtd:output.obj
 0001:0000fed0       ??$type_case_integer_parse_into_buffer@I@?$output_processor@DV?$string_output_adapter@D@__crt_stdio_output@@V?$format_validation_base@DV?$string_output_adapter@D@__crt_stdio_output@@@2@@__crt_stdio_output@@AEAAXII_N@Z 0000000140010ed0 f i libucrtd:output.obj
 0001:00010000       ??$type_case_integer_parse_into_buffer@I@?$output_processor@_WV?$string_output_adapter@_W@__crt_stdio_output@@V?$format_validation_base@_WV?$string_output_adapter@_W@__crt_stdio_output@@@2@@__crt_stdio_output@@AEAAXII_N@Z 0000000140011000 f i libucrtd:output.obj
 0001:00010140       ??$type_case_integer_parse_into_buffer@_K@?$output_processor@DV?$string_output_adapter@D@__crt_stdio_output@@V?$format_validation_base@DV?$string_output_adapter@D@__crt_stdio_output@@@2@@__crt_stdio_output@@AEAAX_KI_N@Z 0000000140011140 f i libucrtd:output.obj
 0001:00010290       ??$type_case_integer_parse_into_buffer@_K@?$output_processor@_WV?$string_output_adapter@_W@__crt_stdio_output@@V?$format_validation_base@_WV?$string_output_adapter@_W@__crt_stdio_output@@@2@@__crt_stdio_output@@AEAAX_KI_N@Z 0000000140011290 f i libucrtd:output.obj
 0001:000103f0       ??$write_multiple_characters@V?$string_output_adapter@D@__crt_stdio_output@@D@__crt_stdio_output@@YAXAEBV?$string_output_adapter@D@0@DHQEAH@Z 00000001400113f0 f i libucrtd:output.obj
 0001:00010450       ??$write_multiple_characters@V?$string_output_adapter@_W@__crt_stdio_output@@D@__crt_stdio_output@@YAXAEBV?$string_output_adapter@_W@0@DHQEAH@Z 0000000140011450 f i libucrtd:output.obj
 0001:000104b0       ??0?$common_data@D@__crt_stdio_output@@IEAA@XZ 00000001400114b0 f i libucrtd:output.obj
 0001:00010580       ??0?$common_data@_W@__crt_stdio_output@@IEAA@XZ 0000000140011580 f i libucrtd:output.obj
 0001:00010650       ??0?$output_adapter_data@DV?$string_output_adapter@D@__crt_stdio_output@@@__crt_stdio_output@@IEAA@AEBV?$string_output_adapter@D@1@_KQEBDQEAU__crt_locale_pointers@@QEAD@Z 0000000140011650 f i libucrtd:output.obj
 0001:000106d0       ??0?$output_adapter_data@_WV?$string_output_adapter@_W@__crt_stdio_output@@@__crt_stdio_output@@IEAA@AEBV?$string_output_adapter@_W@1@_KQEB_WQEAU__crt_locale_pointers@@QEAD@Z 00000001400116d0 f i libucrtd:output.obj
 0001:00010750       ??0?$output_processor@DV?$string_output_adapter@D@__crt_stdio_output@@V?$format_validation_base@DV?$string_output_adapter@D@__crt_stdio_output@@@2@@__crt_stdio_output@@QEAA@AEBV?$string_output_adapter@D@1@_KQEBDQEAU__crt_locale_pointers@@QEAD@Z 0000000140011750 f i libucrtd:output.obj
 0001:000107a0       ??0?$output_processor@_WV?$string_output_adapter@_W@__crt_stdio_output@@V?$format_validation_base@_WV?$string_output_adapter@_W@__crt_stdio_output@@@2@@__crt_stdio_output@@QEAA@AEBV?$string_output_adapter@_W@1@_KQEB_WQEAU__crt_locale_pointers@@QEAD@Z 00000001400117a0 f i libucrtd:output.obj
 0001:000107f0       ??0__crt_deferred_errno_cache@@QEAA@XZ 00000001400117f0 f i libucrtd:output.obj
 0001:00010810       ??0__crt_errno_guard@@QEAA@QEAH@Z 0000000140011810 f i libucrtd:output.obj
 0001:00010850       ??0formatting_buffer@__crt_stdio_output@@QEAA@XZ 0000000140011850 f i libucrtd:output.obj
 0001:00010890       ??1?$common_data@D@__crt_stdio_output@@QEAA@XZ 0000000140011890 f i libucrtd:output.obj
 0001:00010890       ??1?$common_data@_W@__crt_stdio_output@@QEAA@XZ 0000000140011890 f i libucrtd:output.obj
 0001:000108b0       ??1?$format_validation_base@DV?$string_output_adapter@D@__crt_stdio_output@@@__crt_stdio_output@@QEAA@XZ 00000001400118b0 f i libucrtd:output.obj
 0001:000108b0       ??1?$format_validation_base@_WV?$string_output_adapter@_W@__crt_stdio_output@@@__crt_stdio_output@@QEAA@XZ 00000001400118b0 f i libucrtd:output.obj
 0001:000108d0       ??1?$output_adapter_data@DV?$string_output_adapter@D@__crt_stdio_output@@@__crt_stdio_output@@QEAA@XZ 00000001400118d0 f i libucrtd:output.obj
 0001:000108d0       ??1?$output_adapter_data@_WV?$string_output_adapter@_W@__crt_stdio_output@@@__crt_stdio_output@@QEAA@XZ 00000001400118d0 f i libucrtd:output.obj
 0001:000108f0       ??1?$output_processor@_WV?$string_output_adapter@_W@__crt_stdio_output@@V?$format_validation_base@_WV?$string_output_adapter@_W@__crt_stdio_output@@@2@@__crt_stdio_output@@QEAA@XZ 00000001400118f0 f i libucrtd:output.obj
 0001:000108f0       ??1?$output_processor@DV?$string_output_adapter@D@__crt_stdio_output@@V?$format_validation_base@DV?$string_output_adapter@D@__crt_stdio_output@@@2@@__crt_stdio_output@@QEAA@XZ 00000001400118f0 f i libucrtd:output.obj
 0001:00010910       ??1?$standard_base@_WV?$string_output_adapter@_W@__crt_stdio_output@@@__crt_stdio_output@@QEAA@XZ 0000000140011910 f i libucrtd:output.obj
 0001:00010910       ??1?$standard_base@DV?$string_output_adapter@D@__crt_stdio_output@@@__crt_stdio_output@@QEAA@XZ 0000000140011910 f i libucrtd:output.obj
 0001:00010930       ??1__crt_errno_guard@@QEAA@XZ 0000000140011930 f i libucrtd:output.obj
 0001:00010960       ??1formatting_buffer@__crt_stdio_output@@QEAA@XZ 0000000140011960 f i libucrtd:output.obj
 0001:00010990       ??4?$__crt_unique_heap_ptr@DU__crt_internal_free_policy@@@@QEAAAEAV0@$$QEAV0@@Z 0000000140011990 f i libucrtd:output.obj
 0001:000109d0       ??A?$spectre_mitigated_lookup_table@Ustate_transition_pair@__crt_stdio_output@@$0IA@@__crt_stdio_output@@QEBAAEBUstate_transition_pair@1@_K@Z 00000001400119d0 f i libucrtd:output.obj
 0001:000109f0       ?adjust_hexit@?$output_processor@DV?$string_output_adapter@D@__crt_stdio_output@@V?$format_validation_base@DV?$string_output_adapter@D@__crt_stdio_output@@@2@@__crt_stdio_output@@CADH_N@Z 00000001400119f0 f i libucrtd:output.obj
 0001:000109f0       ?adjust_hexit@?$output_processor@_WV?$string_output_adapter@_W@__crt_stdio_output@@V?$format_validation_base@_WV?$string_output_adapter@_W@__crt_stdio_output@@@2@@__crt_stdio_output@@CADH_N@Z 00000001400119f0 f i libucrtd:output.obj
 0001:00010a40       ?advance_to_next_pass@?$standard_base@DV?$string_output_adapter@D@__crt_stdio_output@@@__crt_stdio_output@@IEAA_NXZ 0000000140011a40 f i libucrtd:output.obj
 0001:00010a40       ?advance_to_next_pass@?$standard_base@_WV?$string_output_adapter@_W@__crt_stdio_output@@@__crt_stdio_output@@IEAA_NXZ 0000000140011a40 f i libucrtd:output.obj
 0001:00010a90       ?crop_zeroes@__crt_stdio_output@@YAXPEADQEAU__crt_locale_pointers@@@Z 0000000140011a90 f i libucrtd:output.obj
 0001:00010bd0       ?find_next_state@?$output_processor@DV?$string_output_adapter@D@__crt_stdio_output@@V?$format_validation_base@DV?$string_output_adapter@D@__crt_stdio_output@@@2@@__crt_stdio_output@@AEBA?AW4state@2@DW432@@Z 0000000140011bd0 f i libucrtd:output.obj
 0001:00010c60       ?find_next_state@?$output_processor@_WV?$string_output_adapter@_W@__crt_stdio_output@@V?$format_validation_base@_WV?$string_output_adapter@_W@__crt_stdio_output@@@2@@__crt_stdio_output@@AEBA?AW4state@2@_WW432@@Z 0000000140011c60 f i libucrtd:output.obj
 0001:00010cf0       ?force_decimal_point@__crt_stdio_output@@YAXPEADQEAU__crt_locale_pointers@@@Z 0000000140011cf0 f i libucrtd:output.obj
 0001:00010df0       ?get@__crt_deferred_errno_cache@@QEAAAEAHXZ 0000000140011df0 f i libucrtd:output.obj
 0001:00010e20       ?get_flags@__crt_stdio_stream@@QEBAJXZ 0000000140011e20 f i libucrtd:output.obj
 0001:00010e50       ?has_flag@?$output_processor@DV?$string_output_adapter@D@__crt_stdio_output@@V?$format_validation_base@DV?$string_output_adapter@D@__crt_stdio_output@@@2@@__crt_stdio_output@@AEBA_NI@Z 0000000140011e50 f i libucrtd:output.obj
 0001:00010e50       ?has_flag@?$output_processor@_WV?$string_output_adapter@_W@__crt_stdio_output@@V?$format_validation_base@_WV?$string_output_adapter@_W@__crt_stdio_output@@@2@@__crt_stdio_output@@AEBA_NI@Z 0000000140011e50 f i libucrtd:output.obj
 0001:00010e90       ?is_string_backed@__crt_stdio_stream@@QEBA_NXZ 0000000140011e90 f i libucrtd:output.obj
 0001:00010ed0       ?narrow_null_string@?$output_processor@_WV?$string_output_adapter@_W@__crt_stdio_output@@V?$format_validation_base@_WV?$string_output_adapter@_W@__crt_stdio_output@@@2@@__crt_stdio_output@@CAPEADXZ 0000000140011ed0 f i libucrtd:output.obj
 0001:00010ed0       ?narrow_null_string@?$output_processor@DV?$string_output_adapter@D@__crt_stdio_output@@V?$format_validation_base@DV?$string_output_adapter@D@__crt_stdio_output@@@2@@__crt_stdio_output@@CAPEADXZ 0000000140011ed0 f i libucrtd:output.obj
 0001:00010ee0       ?parse_int_from_format_string@?$output_processor@DV?$string_output_adapter@D@__crt_stdio_output@@V?$format_validation_base@DV?$string_output_adapter@D@__crt_stdio_output@@@2@@__crt_stdio_output@@AEAA_NQEAH@Z 0000000140011ee0 f i libucrtd:output.obj
 0001:00010fd0       ?parse_int_from_format_string@?$output_processor@_WV?$string_output_adapter@_W@__crt_stdio_output@@V?$format_validation_base@_WV?$string_output_adapter@_W@__crt_stdio_output@@@2@@__crt_stdio_output@@AEAA_NQEAH@Z 0000000140011fd0 f i libucrtd:output.obj
 0001:000110c0       ?process@?$output_processor@DV?$string_output_adapter@D@__crt_stdio_output@@V?$format_validation_base@DV?$string_output_adapter@D@__crt_stdio_output@@@2@@__crt_stdio_output@@QEAAHXZ 00000001400120c0 f i libucrtd:output.obj
 0001:00011420       ?process@?$output_processor@_WV?$string_output_adapter@_W@__crt_stdio_output@@V?$format_validation_base@_WV?$string_output_adapter@_W@__crt_stdio_output@@@2@@__crt_stdio_output@@QEAAHXZ 0000000140012420 f i libucrtd:output.obj
 0001:00011780       ?set_flag@?$output_processor@DV?$string_output_adapter@D@__crt_stdio_output@@V?$format_validation_base@DV?$string_output_adapter@D@__crt_stdio_output@@@2@@__crt_stdio_output@@AEAAXI@Z 0000000140012780 f i libucrtd:output.obj
 0001:00011780       ?set_flag@?$output_processor@_WV?$string_output_adapter@_W@__crt_stdio_output@@V?$format_validation_base@_WV?$string_output_adapter@_W@__crt_stdio_output@@@2@@__crt_stdio_output@@AEAAXI@Z 0000000140012780 f i libucrtd:output.obj
 0001:000117a0       ?should_format@?$standard_base@_WV?$string_output_adapter@_W@__crt_stdio_output@@@__crt_stdio_output@@IEAA_NXZ 00000001400127a0 f i libucrtd:output.obj
 0001:000117a0       ?validate_state_for_type_case_a@?$standard_base@DV?$string_output_adapter@D@__crt_stdio_output@@@__crt_stdio_output@@IEBA_NXZ 00000001400127a0 f i libucrtd:output.obj
 0001:000117a0       ?validate_and_update_state_at_beginning_of_format_character@?$standard_base@_WV?$string_output_adapter@_W@__crt_stdio_output@@@__crt_stdio_output@@IEAA_NXZ 00000001400127a0 f i libucrtd:output.obj
 0001:000117a0       ?validate_and_update_state_at_beginning_of_format_character@?$standard_base@DV?$string_output_adapter@D@__crt_stdio_output@@@__crt_stdio_output@@IEAA_NXZ 00000001400127a0 f i libucrtd:output.obj
 0001:000117a0       ?should_format@?$standard_base@DV?$string_output_adapter@D@__crt_stdio_output@@@__crt_stdio_output@@IEAA_NXZ 00000001400127a0 f i libucrtd:output.obj
 0001:000117a0       ?validate_state_for_type_case_a@?$standard_base@_WV?$string_output_adapter@_W@__crt_stdio_output@@@__crt_stdio_output@@IEBA_NXZ 00000001400127a0 f i libucrtd:output.obj
 0001:000117b0       ?should_skip_normal_state_processing@?$standard_base@_WV?$string_output_adapter@_W@__crt_stdio_output@@@__crt_stdio_output@@IEAA_NXZ 00000001400127b0 f i libucrtd:output.obj
 0001:000117b0       ?should_skip_normal_state_processing@?$standard_base@DV?$string_output_adapter@D@__crt_stdio_output@@@__crt_stdio_output@@IEAA_NXZ 00000001400127b0 f i libucrtd:output.obj
 0001:000117b0       ?should_skip_type_state_output@?$standard_base@_WV?$string_output_adapter@_W@__crt_stdio_output@@@__crt_stdio_output@@IEBA_NXZ 00000001400127b0 f i libucrtd:output.obj
 0001:000117b0       ?should_skip_type_state_output@?$standard_base@DV?$string_output_adapter@D@__crt_stdio_output@@@__crt_stdio_output@@IEBA_NXZ 00000001400127b0 f i libucrtd:output.obj
 0001:000117c0       ?state_case_dot@?$output_processor@_WV?$string_output_adapter@_W@__crt_stdio_output@@V?$format_validation_base@_WV?$string_output_adapter@_W@__crt_stdio_output@@@2@@__crt_stdio_output@@AEAA_NXZ 00000001400127c0 f i libucrtd:output.obj
 0001:000117c0       ?state_case_dot@?$output_processor@DV?$string_output_adapter@D@__crt_stdio_output@@V?$format_validation_base@DV?$string_output_adapter@D@__crt_stdio_output@@@2@@__crt_stdio_output@@AEAA_NXZ 00000001400127c0 f i libucrtd:output.obj
 0001:000117e0       ?state_case_flag@?$output_processor@DV?$string_output_adapter@D@__crt_stdio_output@@V?$format_validation_base@DV?$string_output_adapter@D@__crt_stdio_output@@@2@@__crt_stdio_output@@AEAA_NXZ 00000001400127e0 f i libucrtd:output.obj
 0001:00011880       ?state_case_flag@?$output_processor@_WV?$string_output_adapter@_W@__crt_stdio_output@@V?$format_validation_base@_WV?$string_output_adapter@_W@__crt_stdio_output@@@2@@__crt_stdio_output@@AEAA_NXZ 0000000140012880 f i libucrtd:output.obj
 0001:00011920       ?state_case_normal@?$output_processor@DV?$string_output_adapter@D@__crt_stdio_output@@V?$format_validation_base@DV?$string_output_adapter@D@__crt_stdio_output@@@2@@__crt_stdio_output@@AEAA_NXZ 0000000140012920 f i libucrtd:output.obj
 0001:00011a00       ?state_case_normal@?$output_processor@_WV?$string_output_adapter@_W@__crt_stdio_output@@V?$format_validation_base@_WV?$string_output_adapter@_W@__crt_stdio_output@@@2@@__crt_stdio_output@@AEAA_NXZ 0000000140012a00 f i libucrtd:output.obj
 0001:00011ae0       ?state_case_normal_common@?$output_processor@DV?$string_output_adapter@D@__crt_stdio_output@@V?$format_validation_base@DV?$string_output_adapter@D@__crt_stdio_output@@@2@@__crt_stdio_output@@AEAA_NXZ 0000000140012ae0 f i libucrtd:output.obj
 0001:00011b30       ?state_case_normal_common@?$output_processor@_WV?$string_output_adapter@_W@__crt_stdio_output@@V?$format_validation_base@_WV?$string_output_adapter@_W@__crt_stdio_output@@@2@@__crt_stdio_output@@AEAA_NXZ 0000000140012b30 f i libucrtd:output.obj
 0001:00011b80       ?state_case_normal_tchar@?$output_processor@DV?$string_output_adapter@D@__crt_stdio_output@@V?$format_validation_base@DV?$string_output_adapter@D@__crt_stdio_output@@@2@@__crt_stdio_output@@AEAA_ND@Z 0000000140012b80 f i libucrtd:output.obj
 0001:00011cc0       ?state_case_normal_tchar@?$output_processor@_WV?$string_output_adapter@_W@__crt_stdio_output@@V?$format_validation_base@_WV?$string_output_adapter@_W@__crt_stdio_output@@@2@@__crt_stdio_output@@AEAA_N_W@Z 0000000140012cc0 f i libucrtd:output.obj
[...]
 0002:00011cc4       $unwind$__dcrt_get_narrow_environment_from_os 000000014004acc4     libucrtd:get_environment_from_os.obj
 0002:00011cdc       $unwind$__acrt_lowio_create_handle_array 000000014004acdc     libucrtd:osfinfo.obj
 0002:00011ce4       $unwind$__acrt_lowio_ensure_fh_exists 000000014004ace4     libucrtd:osfinfo.obj
 0002:00011d04       $unwind$__acrt_initialize_lowio 000000014004ad04     libucrtd:ioinit.obj
 0002:00011d24       $unwind$?initialize_inherited_file_handles_nolock@@YAXXZ 000000014004ad24     libucrtd:ioinit.obj
 0002:00011d2c       $unwind$_isctype_l         000000014004ad2c     libucrtd:isctype.obj
 0002:00011d40       $unwind$_chvalidator_l     000000014004ad40     libucrtd:isctype.obj
 0002:00011d48       $unwind$__acrt_GetStringTypeA 000000014004ad48     libucrtd:getstringtypea.obj
 0002:00011d50       $unwind$__acrt_update_thread_locale_data 000000014004ad50     libucrtd:locale_refcounting.obj
 0002:00011d70       $unwind$__acrt_get_parent_window 000000014004ad70     libucrtd:winapi_thunks.obj
 0002:00011d70       $unwind$__acrt_initialize_winapi_thunks 000000014004ad70     libucrtd:winapi_thunks.obj
 0002:00011d70       $unwind$__acrt_initialize_stdio 000000014004ad70     libucrtd:_file.obj
 0002:00011d78       $unwind$__acrt_InitializeCriticalSectionEx 000000014004ad78     libucrtd:winapi_thunks.obj
 0002:00011d80       $unwind$??$common_xtox@KD@@YAHKQEAD_KI_N@Z 000000014004ad80     libucrtd:xtoa.obj
 0002:00011d80       $unwind$??$common_xtox@K_W@@YAHKQEA_W_KI_N@Z 000000014004ad80     libucrtd:xtoa.obj
 0002:00011d80       $unwind$__acrt_LCMapStringEx 000000014004ad80     libucrtd:winapi_thunks.obj
 0002:00011d88       $unwind$__acrt_is_interactive 000000014004ad88     libucrtd:winapi_thunks.obj
 0002:00011d98       $unwind$_query_new_handler 000000014004ad98     libucrtd:new_handler.obj
 0002:00011db8       $unwind$raise              000000014004adb8     libucrtd:signal.obj
 0002:00011dd8       $unwind$??$?RV<lambda_450d765d439847d4c735a33c368b5fc0>@@AEAV<lambda_44731a7d0e6d81c3e6aa82d741081786>@@V<lambda_601a2a7da3b7a96e9554ac7215c4b07c>@@@?$__crt_seh_guarded_call@P6AXH@Z@@QEAAP6AXH@Z$$QEAV<lambda_450d765d439847d4c735a33c368b5fc0>@@AEAV<lambda_44731a7d0e6d81c3e6aa82d741081786>@@$$QEAV<lambda_601a2a7da3b7a96e9554ac7215c4b07c>@@@Z 000000014004add8     libucrtd:signal.obj
 0002:00011df8       $unwind$_expand_base       000000014004adf8     libucrtd:expand.obj
 0002:00011e00       $unwind$?fp_format_g@@YAHQEBNQEAD_K12H_NIW4__acrt_rounding_mode@@QEAU__crt_locale_pointers@@@Z 000000014004ae00     libucrtd:cvt.obj
 0002:00011e00       $unwind$_mbtowc_l          000000014004ae00     libucrtd:mbtowc.obj
 0002:00011e0c       $unwind$_wctomb_s_l        000000014004ae0c     libucrtd:wctomb.obj
 0002:00011e18       $unwind$?fp_format_nan_or_infinity@@YAHW4__acrt_fp_class@@_NPEAD_K1@Z 000000014004ae18     libucrtd:cvt.obj
 0002:00011e20       $unwind$?fe_to_nearest@@YA_NQEBN_KF@Z 000000014004ae20     libucrtd:cvt.obj
 0002:00011e28       $unwind$?should_round_up@@YA_NQEBN_KFW4__acrt_rounding_mode@@@Z 000000014004ae28     libucrtd:cvt.obj
 0002:00011e30       $unwind$?fp_format_a@@YAHQEBNPEAD_KQEAD2H_NIQEAU__crt_locale_pointers@@W4__acrt_rounding_mode@@@Z 000000014004ae30     libucrtd:cvt.obj
 0002:00011e40       $stateUnwindMap$?fp_format_a@@YAHQEBNPEAD_KQEAD2H_NIQEAU__crt_locale_pointers@@W4__acrt_rounding_mode@@@Z 000000014004ae40     libucrtd:cvt.obj
 0002:00011e50       $ip2state$?fp_format_a@@YAHQEBNPEAD_KQEAD2H_NIQEAU__crt_locale_pointers@@W4__acrt_rounding_mode@@@Z 000000014004ae50     libucrtd:cvt.obj
 0002:00011e98       $unwind$?fp_format_f@@YAHQEBNQEAD_K12HQEAU__crt_locale_pointers@@W4__acrt_rounding_mode@@@Z 000000014004ae98     libucrtd:cvt.obj
 0002:00011ea0       $unwind$_VCrtDbgReportA    000000014004aea0     libucrtd:dbgrptt.obj
 0002:00011ed8       $unwind$_VCrtDbgReportW    000000014004aed8     libucrtd:dbgrptt.obj
 0002:00011f10       $unwind$__acrt_OutputDebugStringA 000000014004af10     libucrtd:outputdebugstringa.obj
 0002:00011f24       $unwind$qsort              000000014004af24     libucrtd:qsort.obj
 0002:00011f34       $unwind$?shortsort@@YAXPEAD0_KP6AHPEBX2@Z@Z 000000014004af34     libucrtd:qsort.obj
 0002:00011f44       $stateUnwindMap$?shortsort@@YAXPEAD0_KP6AHPEBX2@Z@Z 000000014004af44     libucrtd:qsort.obj
 0002:00011f50       $ip2state$?shortsort@@YAXPEAD0_KP6AHPEBX2@Z@Z 000000014004af50     libucrtd:qsort.obj
 0002:00011f68       $unwind$strpbrk            000000014004af68     libucrtd:strpbrk.obj
 0002:00011f70       $unwind$fallbackMethod     000000014004af70     libucrtd:strpbrk.obj
 0002:00011f80       $unwind$_mbsdec_l          000000014004af80     libucrtd:mbsdec.obj
 0002:00011f8c       $unwind$__acrt_LCMapStringA 000000014004af8c     libucrtd:lcmapstringa.obj
 0002:00011f94       $unwind$_mbstowcs_s_l      000000014004af94     libucrtd:mbstowcs.obj
 0002:00011f94       $unwind$?__acrt_LCMapStringA_stat@@YAHPEAU__crt_locale_pointers@@PEB_WKPEBDHPEADHHH@Z 000000014004af94     libucrtd:lcmapstringa.obj
 0002:00011f9c       $unwind$??$common_xtox_s@KD@@YAHKQEAD_KI_N@Z 000000014004af9c     libucrtd:xtoa.obj
 0002:00011f9c       $unwind$??$common_xtox_s@K_W@@YAHKQEA_W_KI_N@Z 000000014004af9c     libucrtd:xtoa.obj
 0002:00011fa4       $unwind$??R<lambda_ab61a845afdef5b7c387490eaf3616ee>@@QEBA@XZ 000000014004afa4     libucrtd:fflush.obj
 0002:00011fac       $unwind$??$?RV<lambda_842d9ff0dc9ef11c61343bbaebe7f885>@@AEAV<lambda_c5860995281e5c4ce005b3de8f5874ee>@@V<lambda_d90129c13df834fdcbf8d2b88dafcf2d>@@@?$__crt_seh_guarded_call@X@@QEAAX$$QEAV<lambda_842d9ff0dc9ef11c61343bbaebe7f885>@@AEAV<lambda_c5860995281e5c4ce005b3de8f5874ee>@@$$QEAV<lambda_d90129c13df834fdcbf8d2b88dafcf2d>@@@Z 000000014004afac     libucrtd:fflush.obj
 0002:00011fcc       $unwind$??$?RV<lambda_886d6c58226a84441f68b9f2b8217b83>@@AEAV<lambda_ab61a845afdef5b7c387490eaf3616ee>@@V<lambda_f7f22ab5edc0698d5f6905b0d3f44752>@@@?$__crt_seh_guarded_call@X@@QEAAX$$QEAV<lambda_886d6c58226a84441f68b9f2b8217b83>@@AEAV<lambda_ab61a845afdef5b7c387490eaf3616ee>@@$$QEAV<lambda_f7f22ab5edc0698d5f6905b0d3f44752>@@@Z 000000014004afcc     libucrtd:fflush.obj
 0002:00011fec       $unwind$_isleadbyte_l      000000014004afec     libucrtd:_wctype.obj
 0002:00011ff4       $unwind$?__mbsrtowcs_utf8@__crt_mbstring@@YA_KPEA_WPEAPEBD_KPEAU_Mbstatet@@@Z 000000014004aff4     libucrtd:mbrtowc.obj
 0002:00011ffc       $unwind$?__c32rtomb_utf8@__crt_mbstring@@YA_KPEAD_UPEAU_Mbstatet@@@Z 000000014004affc     libucrtd:c32rtomb.obj
 0002:00012004       $unwind$?reset_and_return@__crt_mbstring@@YA_K_KPEAU_Mbstatet@@@Z 000000014004b004     libucrtd:c32rtomb.obj
 0002:0001200c       $unwind$__acrt_fltout      000000014004b00c     libucrtd:cfout.obj
 0002:00012014       $unwind$?make_big_integer@__crt_strtox@@YA?AUbig_integer@1@_K@Z 000000014004b014     libucrtd:cfout.obj
 0002:00012024       $unwind$?make_big_integer_power_of_two@__crt_strtox@@YA?AUbig_integer@1@I@Z 000000014004b024     libucrtd:cfout.obj
 0002:00012034       $unwind$?shift_left@__crt_strtox@@YA_NAEAUbig_integer@1@I@Z 000000014004b034     libucrtd:cfout.obj
 0002:00012044       $unwind$?add_multiply_carry@__crt_strtox@@YAIAEAIIII@Z 000000014004b044     libucrtd:cfout.obj
 0002:0001204c       $unwind$?multiply@__crt_strtox@@YA_NAEAUbig_integer@1@I@Z 000000014004b04c     libucrtd:cfout.obj
 0002:0001205c       $unwind$?multiply@__crt_strtox@@YA_NAEAUbig_integer@1@AEBU21@@Z 000000014004b05c     libucrtd:cfout.obj
 0002:0001206c       $unwind$?multiply_by_power_of_ten@__crt_strtox@@YA_NAEAUbig_integer@1@I@Z 000000014004b06c     libucrtd:cfout.obj
 0002:0001207c       $unwind$?divide@__crt_strtox@@YA_KAEAUbig_integer@1@AEBU21@@Z 000000014004b07c     libucrtd:cfout.obj
 0002:0001208c       $unwind$??$convert_to_fos_high_precision@N@@YA?AW4__acrt_has_trailing_digits@@NIQEAHQEAD_K@Z 000000014004b08c     libucrtd:cfout.obj
 0002:0001209c       $unwind$_fcloseall         000000014004b09c     libucrtd:closeall.obj
 0002:000120bc       $unwind$?_mbstowcs_l_helper@@YA_KPEA_WPEBD_KPEAU__crt_locale_pointers@@@Z 000000014004b0bc     libucrtd:mbstowcs.obj
 0002:000120c8       $unwind$?_wcstombs_l_helper@@YA_KPEADPEB_W_KPEAU__crt_locale_pointers@@@Z 000000014004b0c8     libucrtd:wcstombs.obj
 0002:000120e0       $stateUnwindMap$?_wcstombs_l_helper@@YA_KPEADPEB_W_KPEAU__crt_locale_pointers@@@Z 000000014004b0e0     libucrtd:wcstombs.obj
 0002:000120f0       $ip2state$?_wcstombs_l_helper@@YA_KPEADPEB_W_KPEAU__crt_locale_pointers@@@Z 000000014004b0f0     libucrtd:wcstombs.obj
 0002:00012208       $unwind$??$?RV<lambda_4e3dbe6921bc0b5a1a6bc6573fdc859e>@@AEAV<lambda_5533cddd4bda0037814beee657757329>@@V<lambda_47cffbaa968af5c721c38a4a6f8da44d>@@@?$__crt_seh_guarded_call@H@@QEAAH$$QEAV<lambda_4e3dbe6921bc0b5a1a6bc6573fdc859e>@@AEAV<lambda_5533cddd4bda0037814beee657757329>@@$$QEAV<lambda_47cffbaa968af5c721c38a4a6f8da44d>@@@Z 000000014004b208     libucrtd:commit.obj
 0002:00012228       $unwind$_write             000000014004b228     libucrtd:write.obj
 0002:00012248       $unwind$_write_nolock      000000014004b248     libucrtd:write.obj
 0002:0001225c       $unwind$?write_double_translated_ansi_nolock@@YA?AUwrite_result@?A0x17268360@@HQEBDI@Z 000000014004b25c     libucrtd:write.obj
 0002:00012270       $unwind$?write_double_translated_unicode_nolock@@YA?AUwrite_result@?A0x17268360@@QEBDI@Z 000000014004b270     libucrtd:write.obj
 0002:00012284       $unwind$?write_text_ansi_nolock@@YA?AUwrite_result@?A0x17268360@@HQEBDI@Z 000000014004b284     libucrtd:write.obj
 0002:00012284       $unwind$?write_text_utf16le_nolock@@YA?AUwrite_result@?A0x17268360@@HQEBDI@Z 000000014004b284     libucrtd:write.obj
 0002:00012298       $unwind$?write_text_utf8_nolock@@YA?AUwrite_result@?A0x17268360@@HQEBDI@Z 000000014004b298     libucrtd:write.obj
 0002:000122ac       $unwind$?write_binary_nolock@@YA?AUwrite_result@?A0x17268360@@HQEBDI@Z 000000014004b2ac     libucrtd:write.obj
 0002:000122c0       $unwind$?__mbrtoc32_utf8@__crt_mbstring@@YA_KPEA_UPEBD_KPEAU_Mbstatet@@@Z 000000014004b2c0     libucrtd:mbrtoc32.obj
 0002:000122d0       $xdatasym                  000000014004b2d0     libucrtd:log10.obj
 0002:000122dc       $unwind$ceil               000000014004b2dc     libucrtd:ceil.obj
 0002:000122e4       $unwind$fclose             000000014004b2e4     libucrtd:fclose.obj
 0002:00012304       $unwind$?__wcsrtombs_utf8@__crt_mbstring@@YA_KPEADPEAPEB_W_KPEAU_Mbstatet@@@Z 000000014004b304     libucrtd:wcrtomb.obj
 0002:00012314       $unwind$__acrt_initialize_fma3 000000014004b314     libucrtd:fma3_available.obj
 0002:00012324       $unwind$_log_special_common 000000014004b324     libucrtd:log_special.obj
 0002:00012334       $unwind$_log10_special     000000014004b334     libucrtd:log_special.obj
 0002:0001233c       $unwind$_handle_error      000000014004b33c     libucrtd:libm_error.obj
 0002:0001234c       $unwind$common_control87   000000014004b34c     libucrtd:ieee.obj
 0002:0001236c       $unwind$??$?RV<lambda_53fc7fc888e23d815d7080162c0aeeb2>@@AEAV<lambda_4e7105787b7b0e0227fbf2b2d883fa65>@@V<lambda_8ddc48ad9d26c778cb15812d1d88fc8a>@@@?$__crt_seh_guarded_call@H@@QEAAH$$QEAV<lambda_53fc7fc888e23d815d7080162c0aeeb2>@@AEAV<lambda_4e7105787b7b0e0227fbf2b2d883fa65>@@$$QEAV<lambda_8ddc48ad9d26c778cb15812d1d88fc8a>@@@Z 000000014004b36c     libucrtd:close.obj
 0002:0001238c       $unwind$?__c16rtomb_utf8@__crt_mbstring@@YA_KPEAD_SPEAU_Mbstatet@@@Z 000000014004b38c     libucrtd:c16rtomb.obj
 0002:00012394       $unwind$__dcrt_lowio_ensure_console_output_initialized 000000014004b394     libucrtd:initcon.obj
 0002:0001239c       $unwind$__dcrt_write_console 000000014004b39c     libucrtd:initcon.obj
 0002:000123b0       $unwind$_ctrlfp            000000014004b3b0     libucrtd:fpctrl.obj
 0002:000123d0       $xdatasym                  000000014004b3d0     libucrtd:fpsr.obj
 0002:000123d8       $unwind$_IsNonwritableInCurrentImage 000000014004b3d8     LIBCMTD:pesect.obj
 0002:000123f8       $xdatasym                  000000014004b3f8     LIBCMTD:chkstk.obj
 0002:00012400       $xdatasym                  000000014004b400     libvcruntimed:memcmp.obj
 0002:00012404       $unwind$strrchr            000000014004b404     libvcruntimed:strrchr.obj
 0002:0001272e       .idata$6                   000000014004b72e     user32:USER32.dll
 0002:000128aa       .idata$6                   000000014004b8aa     kernel32:KERNEL32.dll
 0003:00000030       ?__vcrt_flsindex@@3KA      000000014004c030     libvcruntimed:per_thread_data.obj
 0003:00000040       ?__acrt_current_request_number@@3JA 000000014004c040     libucrtd:debug_heap.obj
 0003:00000060       ?__acrt_flsindex@@3KA      000000014004c060     libucrtd:per_thread_data.obj
 0003:00000064       ?errno_no_memory@@3HA      000000014004c064     libucrtd:errno.obj
 0003:00000068       ?doserrno_no_memory@@3KA   000000014004c068     libucrtd:errno.obj
 0003:000002a0       _mbctypes                  000000014004c2a0     libucrtd:mbctype.obj
 0003:000003b0       _mbcasemaps                000000014004c3b0     libucrtd:mbctype.obj
 0003:000004b0       ?__rgctypeflag@@3PADA      000000014004c4b0     libucrtd:mbctype.obj
 0003:000004c0       ?__rgcode_page_info@@3PAUcode_page_info@@A 000000014004c4c0     libucrtd:mbctype.obj
 0003:000007e0       ?__acrt_debug_fill_threshold@@3_KA 000000014004c7e0     libucrtd:debug_fill_threshold.obj
 0003:00000a30       ?dazSupported@?1??common_control87@@9@9 000000014004ca30     libucrtd:ieee.obj
 0003:00000a38       ?__dcrt_lowio_console_output_handle@@3PEAXEA 000000014004ca38     libucrtd:initcon.obj
 0003:00000a40       ?dazSupported@?1??_ctrlfp@@9@9 000000014004ca40     libucrtd:fpctrl.obj
 0003:00000ae0       ?is_initialized_as_dll@@3_NA 000000014004cae0     LIBCMTD:utility.obj
 0003:00000ae1       ?module_local_atexit_table_initialized@@3_NA 000000014004cae1     LIBCMTD:utility.obj
 0003:00000ae8       ?module_local_atexit_table@@3U_onexit_table_t@@A 000000014004cae8     LIBCMTD:utility.obj
 0003:00000b00       ?module_local_at_quick_exit_table@@3U_onexit_table_t@@A 000000014004cb00     LIBCMTD:utility.obj
 0003:00000b60       GS_ExceptionRecord         000000014004cb60     LIBCMTD:gs_report.obj
 0003:00000c00       GS_ContextRecord           000000014004cc00     LIBCMTD:gs_report.obj
 0003:000010e0       ?__vcrt_startup_thread_ptd@@3U__vcrt_ptd@@A 000000014004d0e0     libvcruntimed:per_thread_data.obj
 0003:00001160       __vcrt_lock_table          000000014004d160     libvcruntimed:locks.obj
 0003:00001188       __vcrt_locks_initialized   000000014004d188     libvcruntimed:locks.obj
 0003:000011d0       ?heap@@3V_HeapManager@@A   000000014004d1d0     libvcruntimed:undname.obj
 0003:000011f8       ?module_handles@@3PAPEAUHINSTANCE__@@A 000000014004d1f8     libvcruntimed:winapi_downlevel.obj
 0003:00001210       ?function_pointers@@3PAPEAXA 000000014004d210     libvcruntimed:winapi_downlevel.obj
 0003:00001240       ?__acrt_app_type@@3W4_crt_app_type@@A 000000014004d240     libucrtd:report_runtime_error.obj
 0003:00001250       ?outmsg@?9??__acrt_report_runtime_error@@9@4PA_WA 000000014004d250     libucrtd:report_runtime_error.obj
 0003:00001878       ?user_matherr@@3V?$dual_state_global@P6AHPEAU_exception@@@Z@__crt_state_management@@A 000000014004d878     libucrtd:matherr.obj
 0003:00001880       ?program_name@?1???$common_configure_argv@D@@YAHW4_crt_argv_mode@@@Z@4PADA 000000014004d880     libucrtd:argv_parsing.obj
 0003:000019a8       ?empty_string@?1???$common_wincmdln@E@@YAPEAEXZ@4PAEA 000000014004d9a8     libucrtd:argv_winmain.obj
 0003:000019ac       ?c_termination_complete@@3JA 000000014004d9ac     libucrtd:exit.obj
 0003:000019b0       ?thread_local_exit_callback_func@@3P6AXPEAXK0@ZEA 000000014004d9b0     libucrtd:exit.obj
 0003:000019c0       ?__acrt_global_new_mode@@3V?$dual_state_global@J@__crt_state_management@@A 000000014004d9c0     libucrtd:new_mode.obj
 0003:000019f8       ?__acrt_first_block@@3PEAU_CrtMemBlockHeader@@EA 000000014004d9f8     libucrtd:debug_heap.obj
 0003:00001a00       ?__acrt_last_block@@3PEAU_CrtMemBlockHeader@@EA 000000014004da00     libucrtd:debug_heap.obj
 0003:00001a08       ?__acrt_total_allocations@@3_KA 000000014004da08     libucrtd:debug_heap.obj
 0003:00001a10       ?__acrt_current_allocations@@3_KA 000000014004da10     libucrtd:debug_heap.obj
 0003:00001a18       ?__acrt_max_allocations@@3_KA 000000014004da18     libucrtd:debug_heap.obj
 0003:00001a20       ?__acrt_check_frequency@@3IA 000000014004da20     libucrtd:debug_heap.obj
 0003:00001a24       ?__acrt_check_counter@@3IA 000000014004da24     libucrtd:debug_heap.obj
 0003:00001a30       ?heap_validation_pending@@3_NA 000000014004da30     libucrtd:debug_heap.obj
 0003:00001a38       ?__acrt_invalid_parameter_handler@@3V?$dual_state_global@P6AXPEB_W00I_K@Z@__crt_state_management@@A 000000014004da38     libucrtd:invalid_parameter.obj
 0003:00001a40       __acrt_error_mode          000000014004da40     libucrtd:set_error_mode.obj
 0003:00001a60       ?fSystemSet@@3HA           000000014004da60     libucrtd:mbctype.obj
 0003:00001a64       ?initialized@?1??__acrt_initialize_multibyte@@9@4_NA 000000014004da64     libucrtd:mbctype.obj
 0003:00001aa0       ?__acrt_lock_table@@3PAU_RTL_CRITICAL_SECTION@@A 000000014004daa0     libucrtd:locks.obj
 0003:00001cd0       ?__acrt_locks_initialized@@3IA 000000014004dcd0     libucrtd:locks.obj
 0003:00001cd4       ?state_cache@?1???$get_cached_win_policy@Udeveloper_information_policy_properties@?1??__acrt_get_developer_information_policy@@YA?AW4developer_information_policy@@XZ@@@YA?AW4developer_information_policy@@W4AppPolicyShowDeveloperDiagnostic@@@Z@4JA 000000014004dcd4     libucrtd:win_policies.obj
 0003:00001cd8       ?state_cache@?1???$get_cached_win_policy@Uwindowing_model_policy_properties@?1??__acrt_get_windowing_model_policy@@YA?AW4windowing_model_policy@@XZ@@@YA?AW4windowing_model_policy@@W4AppPolicyWindowingModel@@@Z@4JA 000000014004dcd8     libucrtd:win_policies.obj
 0003:000020f0       ?module_handles@@3PAPEAUHINSTANCE__@@A 000000014004e0f0     libucrtd:winapi_thunks.obj
 0003:00002190       ?encoded_function_pointers@@3PAPEAXA 000000014004e190     libucrtd:winapi_thunks.obj
 0003:000022b0       ?__acrt_new_handler@@3V?$dual_state_global@P6AH_K@Z@__crt_state_management@@A 000000014004e2b0     libucrtd:new_handler.obj
 0003:000022b8       ?ctrlc_action@@3V?$dual_state_global@P6AXH@Z@__crt_state_management@@A 000000014004e2b8     libucrtd:signal.obj
 0003:000022c0       ?ctrlbreak_action@@3V?$dual_state_global@P6AXH@Z@__crt_state_management@@A 000000014004e2c0     libucrtd:signal.obj
 0003:000022c8       ?abort_action@@3V?$dual_state_global@P6AXH@Z@__crt_state_management@@A 000000014004e2c8     libucrtd:signal.obj
 0003:000022d0       ?term_action@@3V?$dual_state_global@P6AXH@Z@__crt_state_management@@A 000000014004e2d0     libucrtd:signal.obj
 0003:000022e8       ?internal_state@?1??_mbtowc_l@@9@4U_Mbstatet@@A 000000014004e2e8     libucrtd:mbtowc.obj
 0003:00002300       ?enable_percent_n@@3_KA    000000014004e300     libucrtd:printf_count_output.obj
 0003:00002320       ?internal_pst@?1??__mbrtoc32_utf8@__crt_mbstring@@YA_KPEA_UPEBD_KPEAU_Mbstatet@@@Z@4U3@A 000000014004e320     libucrtd:mbrtoc32.obj
 0003:00002330       ?internal_pst@?1??__c16rtomb_utf8@__crt_mbstring@@YA_KPEAD_SPEAU_Mbstatet@@@Z@4U3@A 000000014004e330     libucrtd:c16rtomb.obj
 0005:00000000       MoveSmall                  0000000140052000     libvcruntimed:memcpy.obj
 0005:00000040       MoveSmallYmm               0000000140052040     libvcruntimed:memcpy.obj
 0005:00000064       MoveSmallYmmNT             0000000140052064     libvcruntimed:memcpy.obj
 0005:00000088       MoveSmallXmm               0000000140052088     libvcruntimed:memcpy.obj
 0005:000000b0       MsetTab                    00000001400520b0     libvcruntimed:memset.obj
